Archive member included to satisfy reference by file (symbol)

/opt/st/stm32cubeide_1.8.0/plugins/com.st.stm32cube.ide.mcu.externaltools.gnu-tools-for-stm32.9-2020-q2-update.linux64_2.0.0.202105311346/tools/bin/../lib/gcc/arm-none-eabi/9.3.1/../../../../arm-none-eabi/lib/thumb/v7e-m+fp/hard/libc_nano.a(lib_a-errno.o)
                              ./Core/Src/syscalls.o (__errno)
/opt/st/stm32cubeide_1.8.0/plugins/com.st.stm32cube.ide.mcu.externaltools.gnu-tools-for-stm32.9-2020-q2-update.linux64_2.0.0.202105311346/tools/bin/../lib/gcc/arm-none-eabi/9.3.1/../../../../arm-none-eabi/lib/thumb/v7e-m+fp/hard/libc_nano.a(lib_a-exit.o)
                              /opt/st/stm32cubeide_1.8.0/plugins/com.st.stm32cube.ide.mcu.externaltools.gnu-tools-for-stm32.9-2020-q2-update.linux64_2.0.0.202105311346/tools/bin/../lib/gcc/arm-none-eabi/9.3.1/../../../../arm-none-eabi/lib/thumb/v7e-m+fp/hard/crt0.o (exit)
/opt/st/stm32cubeide_1.8.0/plugins/com.st.stm32cube.ide.mcu.externaltools.gnu-tools-for-stm32.9-2020-q2-update.linux64_2.0.0.202105311346/tools/bin/../lib/gcc/arm-none-eabi/9.3.1/../../../../arm-none-eabi/lib/thumb/v7e-m+fp/hard/libc_nano.a(lib_a-impure.o)
                              /opt/st/stm32cubeide_1.8.0/plugins/com.st.stm32cube.ide.mcu.externaltools.gnu-tools-for-stm32.9-2020-q2-update.linux64_2.0.0.202105311346/tools/bin/../lib/gcc/arm-none-eabi/9.3.1/../../../../arm-none-eabi/lib/thumb/v7e-m+fp/hard/libc_nano.a(lib_a-exit.o) (_global_impure_ptr)
/opt/st/stm32cubeide_1.8.0/plugins/com.st.stm32cube.ide.mcu.externaltools.gnu-tools-for-stm32.9-2020-q2-update.linux64_2.0.0.202105311346/tools/bin/../lib/gcc/arm-none-eabi/9.3.1/../../../../arm-none-eabi/lib/thumb/v7e-m+fp/hard/libc_nano.a(lib_a-init.o)
                              /opt/st/stm32cubeide_1.8.0/plugins/com.st.stm32cube.ide.mcu.externaltools.gnu-tools-for-stm32.9-2020-q2-update.linux64_2.0.0.202105311346/tools/bin/../lib/gcc/arm-none-eabi/9.3.1/../../../../arm-none-eabi/lib/thumb/v7e-m+fp/hard/crt0.o (__libc_init_array)
/opt/st/stm32cubeide_1.8.0/plugins/com.st.stm32cube.ide.mcu.externaltools.gnu-tools-for-stm32.9-2020-q2-update.linux64_2.0.0.202105311346/tools/bin/../lib/gcc/arm-none-eabi/9.3.1/../../../../arm-none-eabi/lib/thumb/v7e-m+fp/hard/libc_nano.a(lib_a-memcpy-stub.o)
                              ./Middlewares/Third_Party/FreeRTOS/Source/queue.o (memcpy)
/opt/st/stm32cubeide_1.8.0/plugins/com.st.stm32cube.ide.mcu.externaltools.gnu-tools-for-stm32.9-2020-q2-update.linux64_2.0.0.202105311346/tools/bin/../lib/gcc/arm-none-eabi/9.3.1/../../../../arm-none-eabi/lib/thumb/v7e-m+fp/hard/libc_nano.a(lib_a-memset.o)
                              /opt/st/stm32cubeide_1.8.0/plugins/com.st.stm32cube.ide.mcu.externaltools.gnu-tools-for-stm32.9-2020-q2-update.linux64_2.0.0.202105311346/tools/bin/../lib/gcc/arm-none-eabi/9.3.1/../../../../arm-none-eabi/lib/thumb/v7e-m+fp/hard/crt0.o (memset)
/opt/st/stm32cubeide_1.8.0/plugins/com.st.stm32cube.ide.mcu.externaltools.gnu-tools-for-stm32.9-2020-q2-update.linux64_2.0.0.202105311346/tools/bin/../lib/gcc/arm-none-eabi/9.3.1/thumb/v7e-m+fp/hard/libgcc.a(_arm_muldf3.o)
                              ./Core/Src/main.o (__aeabi_dmul)
/opt/st/stm32cubeide_1.8.0/plugins/com.st.stm32cube.ide.mcu.externaltools.gnu-tools-for-stm32.9-2020-q2-update.linux64_2.0.0.202105311346/tools/bin/../lib/gcc/arm-none-eabi/9.3.1/thumb/v7e-m+fp/hard/libgcc.a(_arm_addsubdf3.o)
                              ./Core/Src/main.o (__aeabi_ui2d)
/opt/st/stm32cubeide_1.8.0/plugins/com.st.stm32cube.ide.mcu.externaltools.gnu-tools-for-stm32.9-2020-q2-update.linux64_2.0.0.202105311346/tools/bin/../lib/gcc/arm-none-eabi/9.3.1/thumb/v7e-m+fp/hard/libgcc.a(_arm_muldivdf3.o)
                              ./Core/Src/main.o (__aeabi_ddiv)
/opt/st/stm32cubeide_1.8.0/plugins/com.st.stm32cube.ide.mcu.externaltools.gnu-tools-for-stm32.9-2020-q2-update.linux64_2.0.0.202105311346/tools/bin/../lib/gcc/arm-none-eabi/9.3.1/thumb/v7e-m+fp/hard/libgcc.a(_arm_fixunsdfsi.o)
                              ./Core/Src/main.o (__aeabi_d2uiz)
/opt/st/stm32cubeide_1.8.0/plugins/com.st.stm32cube.ide.mcu.externaltools.gnu-tools-for-stm32.9-2020-q2-update.linux64_2.0.0.202105311346/tools/bin/../lib/gcc/arm-none-eabi/9.3.1/thumb/v7e-m+fp/hard/libgcc.a(_aeabi_uldivmod.o)
                              ./Drivers/STM32F4xx_HAL_Driver/Src/stm32f4xx_hal_rcc.o (__aeabi_uldivmod)
/opt/st/stm32cubeide_1.8.0/plugins/com.st.stm32cube.ide.mcu.externaltools.gnu-tools-for-stm32.9-2020-q2-update.linux64_2.0.0.202105311346/tools/bin/../lib/gcc/arm-none-eabi/9.3.1/thumb/v7e-m+fp/hard/libgcc.a(_udivmoddi4.o)
                              /opt/st/stm32cubeide_1.8.0/plugins/com.st.stm32cube.ide.mcu.externaltools.gnu-tools-for-stm32.9-2020-q2-update.linux64_2.0.0.202105311346/tools/bin/../lib/gcc/arm-none-eabi/9.3.1/thumb/v7e-m+fp/hard/libgcc.a(_aeabi_uldivmod.o) (__udivmoddi4)
[...]
Memory Configuration

Name             Origin             Length             Attributes
RAM              0x0000000020000000 0x0000000000020000 xrw
FLASH            0x0000000008000000 0x0000000000080000 xr
*default*        0x0000000000000000 0xffffffffffffffff

Linker script and memory map

LOAD /opt/st/stm32cubeide_1.8.0/plugins/com.st.stm32cube.ide.mcu.externaltools.gnu-tools-for-stm32.9-2020-q2-update.linux64_2.0.0.202105311346/tools/bin/../lib/gcc/arm-none-eabi/9.3.1/thumb/v7e-m+fp/hard/crti.o
LOAD /opt/st/stm32cubeide_1.8.0/plugins/com.st.stm32cube.ide.mcu.externaltools.gnu-tools-for-stm32.9-2020-q2-update.linux64_2.0.0.202105311346/tools/bin/../lib/gcc/arm-none-eabi/9.3.1/thumb/v7e-m+fp/hard/crtbegin.o
LOAD /opt/st/stm32cubeide_1.8.0/plugins/com.st.stm32cube.ide.mcu.externaltools.gnu-tools-for-stm32.9-2020-q2-update.linux64_2.0.0.202105311346/tools/bin/../lib/gcc/arm-none-eabi/9.3.1/../../../../arm-none-eabi/lib/thumb/v7e-m+fp/hard/crt0.o
LOAD ./Core/Src/freertos.o
LOAD ./Core/Src/main.o
LOAD ./Core/Src/stm32f4xx_hal_msp.o
LOAD ./Core/Src/stm32f4xx_hal_timebase_tim.o
LOAD ./Core/Src/stm32f4xx_it.o
LOAD ./Core/Src/syscalls.o
LOAD ./Core/Src/sysmem.o
LOAD ./Core/Src/system_stm32f4xx.o
LOAD ./Core/Startup/startup_stm32f446retx.o
LOAD ./Drivers/STM32F4xx_HAL_Driver/Src/stm32f4xx_hal.o
LOAD ./Drivers/STM32F4xx_HAL_Driver/Src/stm32f4xx_hal_cortex.o
LOAD ./Drivers/STM32F4xx_HAL_Driver/Src/stm32f4xx_hal_dma.o
LOAD ./Drivers/STM32F4xx_HAL_Driver/Src/stm32f4xx_hal_dma_ex.o
LOAD ./Drivers/STM32F4xx_HAL_Driver/Src/stm32f4xx_hal_exti.o
LOAD ./Drivers/STM32F4xx_HAL_Driver/Src/stm32f4xx_hal_flash.o
LOAD ./Drivers/STM32F4xx_HAL_Driver/Src/stm32f4xx_hal_flash_ex.o
LOAD ./Drivers/STM32F4xx_HAL_Driver/Src/stm32f4xx_hal_flash_ramfunc.o
LOAD ./Drivers/STM32F4xx_HAL_Driver/Src/stm32f4xx_hal_gpio.o
LOAD ./Drivers/STM32F4xx_HAL_Driver/Src/stm32f4xx_hal_i2c.o
LOAD ./Drivers/STM32F4xx_HAL_Driver/Src/stm32f4xx_hal_i2c_ex.o
LOAD ./Drivers/STM32F4xx_HAL_Driver/Src/stm32f4xx_hal_pwr.o
LOAD ./Drivers/STM32F4xx_HAL_Driver/Src/stm32f4xx_hal_pwr_ex.o
LOAD ./Drivers/STM32F4xx_HAL_Driver/Src/stm32f4xx_hal_rcc.o
LOAD ./Drivers/STM32F4xx_HAL_Driver/Src/stm32f4xx_hal_rcc_ex.o
LOAD ./Drivers/STM32F4xx_HAL_Driver/Src/stm32f4xx_hal_tim.o
LOAD ./Drivers/STM32F4xx_HAL_Driver/Src/stm32f4xx_hal_tim_ex.o
LOAD ./Drivers/STM32F4xx_HAL_Driver/Src/stm32f4xx_hal_uart.o
LOAD ./Middlewares/Third_Party/FreeRTOS/Source/CMSIS_RTOS/cmsis_os.o
LOAD ./Middlewares/Third_Party/FreeRTOS/Source/croutine.o
LOAD ./Middlewares/Third_Party/FreeRTOS/Source/event_groups.o
LOAD ./Middlewares/Third_Party/FreeRTOS/Source/list.o
LOAD ./Middlewares/Third_Party/FreeRTOS/Source/queue.o
LOAD ./Middlewares/Third_Party/FreeRTOS/Source/stream_buffer.o
LOAD ./Middlewares/Third_Party/FreeRTOS/Source/tasks.o
LOAD ./Middlewares/Third_Party/FreeRTOS/Source/timers.o
LOAD ./Middlewares/Third_Party/FreeRTOS/Source/portable/GCC/ARM_CM4F/port.o
LOAD ./Middlewares/Third_Party/FreeRTOS/Source/portable/MemMang/heap_4.o
START GROUP
LOAD /opt/st/stm32cubeide_1.8.0/plugins/com.st.stm32cube.ide.mcu.externaltools.gnu-tools-for-stm32.9-2020-q2-update.linux64_2.0.0.202105311346/tools/bin/../lib/gcc/arm-none-eabi/9.3.1/../../../../arm-none-eabi/lib/thumb/v7e-m+fp/hard/libc_nano.a
LOAD /opt/st/stm32cubeide_1.8.0/plugins/com.st.stm32cube.ide.mcu.externaltools.gnu-tools-for-stm32.9-2020-q2-update.linux64_2.0.0.202105311346/tools/bin/../lib/gcc/arm-none-eabi/9.3.1/../../../../arm-none-eabi/lib/thumb/v7e-m+fp/hard/libm.a
END GROUP
START GROUP
LOAD /opt/st/stm32cubeide_1.8.0/plugins/com.st.stm32cube.ide.mcu.externaltools.gnu-tools-for-stm32.9-2020-q2-update.linux64_2.0.0.202105311346/tools/bin/../lib/gcc/arm-none-eabi/9.3.1/thumb/v7e-m+fp/hard/libgcc.a
LOAD /opt/st/stm32cubeide_1.8.0/plugins/com.st.stm32cube.ide.mcu.externaltools.gnu-tools-for-stm32.9-2020-q2-update.linux64_2.0.0.202105311346/tools/bin/../lib/gcc/arm-none-eabi/9.3.1/../../../../arm-none-eabi/lib/thumb/v7e-m+fp/hard/libc_nano.a
END GROUP
START GROUP
LOAD /opt/st/stm32cubeide_1.8.0/plugins/com.st.stm32cube.ide.mcu.externaltools.gnu-tools-for-stm32.9-2020-q2-update.linux64_2.0.0.202105311346/tools/bin/../lib/gcc/arm-none-eabi/9.3.1/thumb/v7e-m+fp/hard/libgcc.a
LOAD /opt/st/stm32cubeide_1.8.0/plugins/com.st.stm32cube.ide.mcu.externaltools.gnu-tools-for-stm32.9-2020-q2-update.linux64_2.0.0.202105311346/tools/bin/../lib/gcc/arm-none-eabi/9.3.1/../../../../arm-none-eabi/lib/thumb/v7e-m+fp/hard/libc_nano.a
LOAD /opt/st/stm32cubeide_1.8.0/plugins/com.st.stm32cube.ide.mcu.externaltools.gnu-tools-for-stm32.9-2020-q2-update.linux64_2.0.0.202105311346/tools/bin/../lib/gcc/arm-none-eabi/9.3.1/../../../../arm-none-eabi/lib/thumb/v7e-m+fp/hard/libnosys.a
END GROUP
START GROUP
LOAD /opt/st/stm32cubeide_1.8.0/plugins/com.st.stm32cube.ide.mcu.externaltools.gnu-tools-for-stm32.9-2020-q2-update.linux64_2.0.0.202105311346/tools/bin/../lib/gcc/arm-none-eabi/9.3.1/thumb/v7e-m+fp/hard/libgcc.a
LOAD /opt/st/stm32cubeide_1.8.0/plugins/com.st.stm32cube.ide.mcu.externaltools.gnu-tools-for-stm32.9-2020-q2-update.linux64_2.0.0.202105311346/tools/bin/../lib/gcc/arm-none-eabi/9.3.1/../../../../arm-none-eabi/lib/thumb/v7e-m+fp/hard/libc_nano.a
LOAD /opt/st/stm32cubeide_1.8.0/plugins/com.st.stm32cube.ide.mcu.externaltools.gnu-tools-for-stm32.9-2020-q2-update.linux64_2.0.0.202105311346/tools/bin/../lib/gcc/arm-none-eabi/9.3.1/../../../../arm-none-eabi/lib/thumb/v7e-m+fp/hard/libnosys.a
END GROUP
LOAD /opt/st/stm32cubeide_1.8.0/plugins/com.st.stm32cube.ide.mcu.externaltools.gnu-tools-for-stm32.9-2020-q2-update.linux64_2.0.0.202105311346/tools/bin/../lib/gcc/arm-none-eabi/9.3.1/thumb/v7e-m+fp/hard/crtend.o
LOAD /opt/st/stm32cubeide_1.8.0/plugins/com.st.stm32cube.ide.mcu.externaltools.gnu-tools-for-stm32.9-2020-q2-update.linux64_2.0.0.202105311346/tools/bin/../lib/gcc/arm-none-eabi/9.3.1/thumb/v7e-m+fp/hard/crtn.o
                0x0000000020020000                _estack = (ORIGIN (RAM) + LENGTH (RAM))
                0x0000000000000200                _Min_Heap_Size = 0x200
                0x0000000000000400                _Min_Stack_Size = 0x400

.isr_vector     0x0000000008000000      0x1c4
                0x0000000008000000                . = ALIGN (0x4)
 *(.isr_vector)
 .isr_vector    0x0000000008000000      0x1c4 ./Core/Startup/startup_stm32f446retx.o
                0x0000000008000000                g_pfnVectors
                0x00000000080001c4                . = ALIGN (0x4)

.text           0x00000000080001d0     0x8358
                0x00000000080001d0                . = ALIGN (0x4)
 *(.text)
 .text          0x00000000080001d0       0x40 /opt/st/stm32cubeide_1.8.0/plugins/com.st.stm32cube.ide.mcu.externaltools.gnu-tools-for-stm32.9-2020-q2-update.linux64_2.0.0.202105311346/tools/bin/../lib/gcc/arm-none-eabi/9.3.1/thumb/v7e-m+fp/hard/crtbegin.o
 .text          0x0000000008000210      0x378 /opt/st/stm32cubeide_1.8.0/plugins/com.st.stm32cube.ide.mcu.externaltools.gnu-tools-for-stm32.9-2020-q2-update.linux64_2.0.0.202105311346/tools/bin/../lib/gcc/arm-none-eabi/9.3.1/thumb/v7e-m+fp/hard/libgcc.a(_arm_addsubdf3.o)
                0x0000000008000210                __aeabi_drsub
                0x0000000008000218                __aeabi_dsub
                0x0000000008000218                __subdf3
                0x000000000800021c                __adddf3
                0x000000000800021c                __aeabi_dadd
                0x0000000008000494                __aeabi_ui2d
                0x0000000008000494                __floatunsidf
                0x00000000080004b4                __floatsidf
                0x00000000080004b4                __aeabi_i2d
                0x00000000080004d8                __extendsfdf2
                0x00000000080004d8                __aeabi_f2d
                0x000000000800051c                __aeabi_ul2d
                0x000000000800051c                __floatundidf
                0x000000000800052c                __floatdidf
                0x000000000800052c                __aeabi_l2d
 .text          0x0000000008000588      0x424 /opt/st/stm32cubeide_1.8.0/plugins/com.st.stm32cube.ide.mcu.externaltools.gnu-tools-for-stm32.9-2020-q2-update.linux64_2.0.0.202105311346/tools/bin/../lib/gcc/arm-none-eabi/9.3.1/thumb/v7e-m+fp/hard/libgcc.a(_arm_muldivdf3.o)
                0x0000000008000588                __aeabi_dmul
                0x0000000008000588                __muldf3
                0x00000000080007dc                __aeabi_ddiv
                0x00000000080007dc                __divdf3
 .text          0x00000000080009ac       0x40 /opt/st/stm32cubeide_1.8.0/plugins/com.st.stm32cube.ide.mcu.externaltools.gnu-tools-for-stm32.9-2020-q2-update.linux64_2.0.0.202105311346/tools/bin/../lib/gcc/arm-none-eabi/9.3.1/thumb/v7e-m+fp/hard/libgcc.a(_arm_fixunsdfsi.o)
                0x00000000080009ac                __fixunsdfsi
                0x00000000080009ac                __aeabi_d2uiz
 .text          0x00000000080009ec       0x30 /opt/st/stm32cubeide_1.8.0/plugins/com.st.stm32cube.ide.mcu.externaltools.gnu-tools-for-stm32.9-2020-q2-update.linux64_2.0.0.202105311346/tools/bin/../lib/gcc/arm-none-eabi/9.3.1/thumb/v7e-m+fp/hard/libgcc.a(_aeabi_uldivmod.o)
                0x00000000080009ec                __aeabi_uldivmod
 .text          0x0000000008000a1c      0x2c4 /opt/st/stm32cubeide_1.8.0/plugins/com.st.stm32cube.ide.mcu.externaltools.gnu-tools-for-stm32.9-2020-q2-update.linux64_2.0.0.202105311346/tools/bin/../lib/gcc/arm-none-eabi/9.3.1/thumb/v7e-m+fp/hard/libgcc.a(_udivmoddi4.o)
                0x0000000008000a1c                __udivmoddi4
 .text          0x0000000008000ce0        0x4 /opt/st/stm32cubeide_1.8.0/plugins/com.st.stm32cube.ide.mcu.externaltools.gnu-tools-for-stm32.9-2020-q2-update.linux64_2.0.0.202105311346/tools/bin/../lib/gcc/arm-none-eabi/9.3.1/thumb/v7e-m+fp/hard/libgcc.a(_dvmd_tls.o)
                0x0000000008000ce0                __aeabi_ldiv0
                0x0000000008000ce0                __aeabi_idiv0
 *(.text*)
 .text.vApplicationGetIdleTaskMemory
                0x0000000008000ce4       0x34 ./Core/Src/freertos.o
                0x0000000008000ce4                vApplicationGetIdleTaskMemory
 .text.Reset_I2C
                0x0000000008000d18       0x1c ./Core/Src/main.o
                0x0000000008000d18                Reset_I2C
 *fill*         0x0000000008000d34        0x4 
 .text.HAL_TIM_IC_CaptureCallback
                0x0000000008000d38      0x148 ./Core/Src/main.o
                0x0000000008000d38                HAL_TIM_IC_CaptureCallback
 .text.main     0x0000000008000e80       0xf4 ./Core/Src/main.o
                0x0000000008000e80                main
 .text.SystemClock_Config
                0x0000000008000f74       0xdc ./Core/Src/main.o
                0x0000000008000f74                SystemClock_Config
 .text.MX_I2C1_Init
                0x0000000008001050       0x5c ./Core/Src/main.o
 .text.MX_TIM1_Init
                0x00000000080010ac       0xac ./Core/Src/main.o
 .text.MX_USART2_UART_Init
                0x0000000008001158       0x54 ./Core/Src/main.o
 .text.MX_GPIO_Init
                0x00000000080011ac       0xdc ./Core/Src/main.o
 .text.StartDefaultTask
                0x0000000008001288       0x10 ./Core/Src/main.o
                0x0000000008001288                StartDefaultTask
 .text.HCSR04_Start
                0x0000000008001298       0x10 ./Core/Src/main.o
                0x0000000008001298                HCSR04_Start
 .text.IRTask_Start
                0x00000000080012a8       0x74 ./Core/Src/main.o
                0x00000000080012a8                IRTask_Start
 .text.Start_I2CTask
                0x000000000800131c       0xac ./Core/Src/main.o
                0x000000000800131c                Start_I2CTask
 .text.HAL_TIM_PeriodElapsedCallback
                0x00000000080013c8       0x1e ./Core/Src/main.o
                0x00000000080013c8                HAL_TIM_PeriodElapsedCallback
 .text.Error_Handler
                0x00000000080013e6        0xa ./Core/Src/main.o
                0x00000000080013e6                Error_Handler
 .text.HAL_MspInit
                0x00000000080013f0       0x58 ./Core/Src/stm32f4xx_hal_msp.o
                0x00000000080013f0                HAL_MspInit
 .text.HAL_I2C_MspInit
                0x0000000008001448       0xb0 ./Core/Src/stm32f4xx_hal_msp.o
                0x0000000008001448                HAL_I2C_MspInit
 .text.HAL_I2C_MspDeInit
                0x00000000080014f8       0x54 ./Core/Src/stm32f4xx_hal_msp.o
                0x00000000080014f8                HAL_I2C_MspDeInit
 .text.HAL_TIM_IC_MspInit
                0x000000000800154c       0xa0 ./Core/Src/stm32f4xx_hal_msp.o
                0x000000000800154c                HAL_TIM_IC_MspInit
 .text.HAL_UART_MspInit
                0x00000000080015ec       0x90 ./Core/Src/stm32f4xx_hal_msp.o
                0x00000000080015ec                HAL_UART_MspInit
 .text.HAL_InitTick
                0x000000000800167c       0xb4 ./Core/Src/stm32f4xx_hal_timebase_tim.o
                0x000000000800167c                HAL_InitTick
 .text.NMI_Handler
                0x0000000008001730        0x6 ./Core/Src/stm32f4xx_it.o
                0x0000000008001730                NMI_Handler
 .text.HardFault_Handler
                0x0000000008001736        0x6 ./Core/Src/stm32f4xx_it.o
                0x0000000008001736                HardFault_Handler
 .text.MemManage_Handler
                0x000000000800173c        0x6 ./Core/Src/stm32f4xx_it.o
                0x000000000800173c                MemManage_Handler
 .text.BusFault_Handler
                0x0000000008001742        0x6 ./Core/Src/stm32f4xx_it.o
                0x0000000008001742                BusFault_Handler
 .text.UsageFault_Handler
                0x0000000008001748        0x6 ./Core/Src/stm32f4xx_it.o
                0x0000000008001748                UsageFault_Handler
 .text.DebugMon_Handler
                0x000000000800174e        0xe ./Core/Src/stm32f4xx_it.o
                0x000000000800174e                DebugMon_Handler
 .text.TIM1_CC_IRQHandler
                0x000000000800175c       0x14 ./Core/Src/stm32f4xx_it.o
                0x000000000800175c                TIM1_CC_IRQHandler
 .text.TIM2_IRQHandler
                0x0000000008001770       0x14 ./Core/Src/stm32f4xx_it.o
                0x0000000008001770                TIM2_IRQHandler
 .text.I2C1_EV_IRQHandler
                0x0000000008001784       0x14 ./Core/Src/stm32f4xx_it.o
                0x0000000008001784                I2C1_EV_IRQHandler
 .text.I2C1_ER_IRQHandler
                0x0000000008001798       0x14 ./Core/Src/stm32f4xx_it.o
                0x0000000008001798                I2C1_ER_IRQHandler
 .text.SystemInit
                0x00000000080017ac       0x24 ./Core/Src/system_stm32f4xx.o
                0x00000000080017ac                SystemInit
 .text.Reset_Handler
                0x00000000080017d0       0x50 ./Core/Startup/startup_stm32f446retx.o
                0x00000000080017d0                Reset_Handler
 .text.Default_Handler
                0x0000000008001820        0x2 ./Core/Startup/startup_stm32f446retx.o
                0x0000000008001820                RTC_Alarm_IRQHandler
                0x0000000008001820                EXTI2_IRQHandler
                0x0000000008001820                TIM8_CC_IRQHandler
                0x0000000008001820                FMPI2C1_EV_IRQHandler
                0x0000000008001820                SPI4_IRQHandler
                0x0000000008001820                DMA2_Stream5_IRQHandler
                0x0000000008001820                DMA1_Stream5_IRQHandler
                0x0000000008001820                PVD_IRQHandler
                0x0000000008001820                SDIO_IRQHandler
                0x0000000008001820                TAMP_STAMP_IRQHandler
                0x0000000008001820                CAN2_RX1_IRQHandler
                0x0000000008001820                EXTI3_IRQHandler
                0x0000000008001820                TIM8_TRG_COM_TIM14_IRQHandler
                0x0000000008001820                TIM1_UP_TIM10_IRQHandler
                0x0000000008001820                TIM8_UP_TIM13_IRQHandler
                0x0000000008001820                I2C3_ER_IRQHandler
                0x0000000008001820                EXTI0_IRQHandler
                0x0000000008001820                I2C2_EV_IRQHandler
                0x0000000008001820                DMA1_Stream2_IRQHandler
                0x0000000008001820                CAN1_RX0_IRQHandler
                0x0000000008001820                FPU_IRQHandler
                0x0000000008001820                OTG_HS_WKUP_IRQHandler
                0x0000000008001820                CAN2_SCE_IRQHandler
                0x0000000008001820                DMA2_Stream2_IRQHandler
                0x0000000008001820                SPI1_IRQHandler
                0x0000000008001820                TIM6_DAC_IRQHandler
                0x0000000008001820                TIM1_BRK_TIM9_IRQHandler
                0x0000000008001820                DCMI_IRQHandler
                0x0000000008001820                CAN2_RX0_IRQHandler
                0x0000000008001820                DMA2_Stream3_IRQHandler
                0x0000000008001820                SAI2_IRQHandler
                0x0000000008001820                USART6_IRQHandler
                0x0000000008001820                USART3_IRQHandler
                0x0000000008001820                CAN1_RX1_IRQHandler
                0x0000000008001820                UART5_IRQHandler
                0x0000000008001820                DMA2_Stream0_IRQHandler
                0x0000000008001820                TIM4_IRQHandler
                0x0000000008001820                QUADSPI_IRQHandler
                0x0000000008001820                DMA1_Stream6_IRQHandler
                0x0000000008001820                DMA1_Stream1_IRQHandler
                0x0000000008001820                UART4_IRQHandler
                0x0000000008001820                TIM3_IRQHandler
                0x0000000008001820                RCC_IRQHandler
                0x0000000008001820                TIM8_BRK_TIM12_IRQHandler
                0x0000000008001820                Default_Handler
                0x0000000008001820                CEC_IRQHandler
                0x0000000008001820                EXTI15_10_IRQHandler
                0x0000000008001820                ADC_IRQHandler
                0x0000000008001820                DMA1_Stream7_IRQHandler
                0x0000000008001820                TIM7_IRQHandler
                0x0000000008001820                CAN2_TX_IRQHandler
                0x0000000008001820                TIM5_IRQHandler
                0x0000000008001820                DMA2_Stream7_IRQHandler
                0x0000000008001820                I2C3_EV_IRQHandler
                0x0000000008001820                EXTI9_5_IRQHandler
                0x0000000008001820                RTC_WKUP_IRQHandler
                0x0000000008001820                SPDIF_RX_IRQHandler
                0x0000000008001820                SPI2_IRQHandler
                0x0000000008001820                OTG_HS_EP1_IN_IRQHandler
                0x0000000008001820                DMA1_Stream0_IRQHandler
                0x0000000008001820                CAN1_TX_IRQHandler
                0x0000000008001820                FMPI2C1_ER_IRQHandler
                0x0000000008001820                EXTI4_IRQHandler
                0x0000000008001820                OTG_HS_EP1_OUT_IRQHandler
                0x0000000008001820                WWDG_IRQHandler
                0x0000000008001820                OTG_FS_WKUP_IRQHandler
                0x0000000008001820                TIM1_TRG_COM_TIM11_IRQHandler
                0x0000000008001820                OTG_HS_IRQHandler
                0x0000000008001820                EXTI1_IRQHandler
                0x0000000008001820                USART2_IRQHandler
                0x0000000008001820                I2C2_ER_IRQHandler
                0x0000000008001820                DMA2_Stream1_IRQHandler
                0x0000000008001820                CAN1_SCE_IRQHandler
                0x0000000008001820                FLASH_IRQHandler
                0x0000000008001820                DMA2_Stream4_IRQHandler
                0x0000000008001820                USART1_IRQHandler
                0x0000000008001820                OTG_FS_IRQHandler
                0x0000000008001820                SPI3_IRQHandler
                0x0000000008001820                DMA1_Stream4_IRQHandler
                0x0000000008001820                FMC_IRQHandler
                0x0000000008001820                DMA2_Stream6_IRQHandler
                0x0000000008001820                SAI1_IRQHandler
                0x0000000008001820                DMA1_Stream3_IRQHandler
 *fill*         0x0000000008001822        0x2 
 .text.HAL_Init
                0x0000000008001824       0x44 ./Drivers/STM32F4xx_HAL_Driver/Src/stm32f4xx_hal.o
                0x0000000008001824                HAL_Init
 .text.HAL_IncTick
                0x0000000008001868       0x28 ./Drivers/STM32F4xx_HAL_Driver/Src/stm32f4xx_hal.o
                0x0000000008001868                HAL_IncTick
 .text.HAL_GetTick
                0x0000000008001890       0x18 ./Drivers/STM32F4xx_HAL_Driver/Src/stm32f4xx_hal.o
                0x0000000008001890                HAL_GetTick
 .text.__NVIC_SetPriorityGrouping
                0x00000000080018a8       0x48 ./Drivers/STM32F4xx_HAL_Driver/Src/stm32f4xx_hal_cortex.o
 .text.__NVIC_GetPriorityGrouping
                0x00000000080018f0       0x1c ./Drivers/STM32F4xx_HAL_Driver/Src/stm32f4xx_hal_cortex.o
 .text.__NVIC_EnableIRQ
                0x000000000800190c       0x3c ./Drivers/STM32F4xx_HAL_Driver/Src/stm32f4xx_hal_cortex.o
 .text.__NVIC_DisableIRQ
                0x0000000008001948       0x48 ./Drivers/STM32F4xx_HAL_Driver/Src/stm32f4xx_hal_cortex.o
 .text.__NVIC_SetPriority
                0x0000000008001990       0x54 ./Drivers/STM32F4xx_HAL_Driver/Src/stm32f4xx_hal_cortex.o
 .text.NVIC_EncodePriority
                0x00000000080019e4       0x66 ./Drivers/STM32F4xx_HAL_Driver/Src/stm32f4xx_hal_cortex.o
 .text.HAL_NVIC_SetPriorityGrouping
                0x0000000008001a4a       0x16 ./Drivers/STM32F4xx_HAL_Driver/Src/stm32f4xx_hal_cortex.o
                0x0000000008001a4a                HAL_NVIC_SetPriorityGrouping
 .text.HAL_NVIC_SetPriority
                0x0000000008001a60       0x38 ./Drivers/STM32F4xx_HAL_Driver/Src/stm32f4xx_hal_cortex.o
                0x0000000008001a60                HAL_NVIC_SetPriority
 .text.HAL_NVIC_EnableIRQ
                0x0000000008001a98       0x1c ./Drivers/STM32F4xx_HAL_Driver/Src/stm32f4xx_hal_cortex.o
                0x0000000008001a98                HAL_NVIC_EnableIRQ
 .text.HAL_NVIC_DisableIRQ
                0x0000000008001ab4       0x1c ./Drivers/STM32F4xx_HAL_Driver/Src/stm32f4xx_hal_cortex.o
                0x0000000008001ab4                HAL_NVIC_DisableIRQ
 .text.HAL_DMA_Abort_IT
                0x0000000008001ad0       0x44 ./Drivers/STM32F4xx_HAL_Driver/Src/stm32f4xx_hal_dma.o
                0x0000000008001ad0                HAL_DMA_Abort_IT
 .text.HAL_DMA_GetState
                0x0000000008001b14       0x1c ./Drivers/STM32F4xx_HAL_Driver/Src/stm32f4xx_hal_dma.o
                0x0000000008001b14                HAL_DMA_GetState
 .text.HAL_GPIO_Init
                0x0000000008001b30      0x328 ./Drivers/STM32F4xx_HAL_Driver/Src/stm32f4xx_hal_gpio.o
                0x0000000008001b30                HAL_GPIO_Init
 .text.HAL_GPIO_DeInit
                0x0000000008001e58      0x1e8 ./Drivers/STM32F4xx_HAL_Driver/Src/stm32f4xx_hal_gpio.o
                0x0000000008001e58                HAL_GPIO_DeInit
 .text.HAL_GPIO_ReadPin
                0x0000000008002040       0x30 ./Drivers/STM32F4xx_HAL_Driver/Src/stm32f4xx_hal_gpio.o
                0x0000000008002040                HAL_GPIO_ReadPin
 .text.HAL_GPIO_WritePin
                0x0000000008002070       0x32 ./Drivers/STM32F4xx_HAL_Driver/Src/stm32f4xx_hal_gpio.o
                0x0000000008002070                HAL_GPIO_WritePin
 *fill*         0x00000000080020a2        0x2 
 .text.HAL_I2C_Init
                0x00000000080020a4      0x288 ./Drivers/STM32F4xx_HAL_Driver/Src/stm32f4xx_hal_i2c.o
                0x00000000080020a4                HAL_I2C_Init
 .text.HAL_I2C_DeInit
                0x000000000800232c       0x5e ./Drivers/STM32F4xx_HAL_Driver/Src/stm32f4xx_hal_i2c.o
                0x000000000800232c                HAL_I2C_DeInit
 *fill*         0x000000000800238a        0x2 
 .text.HAL_I2C_Slave_Transmit
                0x000000000800238c      0x22c ./Drivers/STM32F4xx_HAL_Driver/Src/stm32f4xx_hal_i2c.o
                0x000000000800238c                HAL_I2C_Slave_Transmit
 .text.HAL_I2C_Slave_Receive
                0x00000000080025b8      0x214 ./Drivers/STM32F4xx_HAL_Driver/Src/stm32f4xx_hal_i2c.o
                0x00000000080025b8                HAL_I2C_Slave_Receive
 .text.HAL_I2C_EV_IRQHandler
                0x00000000080027cc      0x2e2 ./Drivers/STM32F4xx_HAL_Driver/Src/stm32f4xx_hal_i2c.o
                0x00000000080027cc                HAL_I2C_EV_IRQHandler
 .text.HAL_I2C_ER_IRQHandler
                0x0000000008002aae      0x14e ./Drivers/STM32F4xx_HAL_Driver/Src/stm32f4xx_hal_i2c.o
                0x0000000008002aae                HAL_I2C_ER_IRQHandler
 .text.HAL_I2C_MasterTxCpltCallback
                0x0000000008002bfc       0x14 ./Drivers/STM32F4xx_HAL_Driver/Src/stm32f4xx_hal_i2c.o
                0x0000000008002bfc                HAL_I2C_MasterTxCpltCallback
 .text.HAL_I2C_MasterRxCpltCallback
                0x0000000008002c10       0x14 ./Drivers/STM32F4xx_HAL_Driver/Src/stm32f4xx_hal_i2c.o
                0x0000000008002c10                HAL_I2C_MasterRxCpltCallback
 .text.HAL_I2C_SlaveTxCpltCallback
                0x0000000008002c24       0x14 ./Drivers/STM32F4xx_HAL_Driver/Src/stm32f4xx_hal_i2c.o
                0x0000000008002c24                HAL_I2C_SlaveTxCpltCallback
 .text.HAL_I2C_SlaveRxCpltCallback
                0x0000000008002c38       0x14 ./Drivers/STM32F4xx_HAL_Driver/Src/stm32f4xx_hal_i2c.o
                0x0000000008002c38                HAL_I2C_SlaveRxCpltCallback
 .text.HAL_I2C_AddrCallback
                0x0000000008002c4c       0x1c ./Drivers/STM32F4xx_HAL_Driver/Src/stm32f4xx_hal_i2c.o
                0x0000000008002c4c                HAL_I2C_AddrCallback
 .text.HAL_I2C_ListenCpltCallback
                0x0000000008002c68       0x14 ./Drivers/STM32F4xx_HAL_Driver/Src/stm32f4xx_hal_i2c.o
                0x0000000008002c68                HAL_I2C_ListenCpltCallback
 .text.HAL_I2C_MemTxCpltCallback
                0x0000000008002c7c       0x14 ./Drivers/STM32F4xx_HAL_Driver/Src/stm32f4xx_hal_i2c.o
                0x0000000008002c7c                HAL_I2C_MemTxCpltCallback
 .text.HAL_I2C_MemRxCpltCallback
                0x0000000008002c90       0x14 ./Drivers/STM32F4xx_HAL_Driver/Src/stm32f4xx_hal_i2c.o
                0x0000000008002c90                HAL_I2C_MemRxCpltCallback
 .text.HAL_I2C_ErrorCallback
                0x0000000008002ca4       0x14 ./Drivers/STM32F4xx_HAL_Driver/Src/stm32f4xx_hal_i2c.o
                0x0000000008002ca4                HAL_I2C_ErrorCallback
 .text.HAL_I2C_AbortCpltCallback
                0x0000000008002cb8       0x14 ./Drivers/STM32F4xx_HAL_Driver/Src/stm32f4xx_hal_i2c.o
                0x0000000008002cb8                HAL_I2C_AbortCpltCallback
 .text.I2C_MasterTransmit_TXE
                0x0000000008002ccc      0x138 ./Drivers/STM32F4xx_HAL_Driver/Src/stm32f4xx_hal_i2c.o
 .text.I2C_MasterTransmit_BTF
                0x0000000008002e04       0xec ./Drivers/STM32F4xx_HAL_Driver/Src/stm32f4xx_hal_i2c.o
 .text.I2C_MemoryTransmit_TXE_BTF
                0x0000000008002ef0      0x128 ./Drivers/STM32F4xx_HAL_Driver/Src/stm32f4xx_hal_i2c.o
 .text.I2C_MasterReceive_RXNE
                0x0000000008003018      0x162 ./Drivers/STM32F4xx_HAL_Driver/Src/stm32f4xx_hal_i2c.o
 .text.I2C_MasterReceive_BTF
                0x000000000800317a      0x1d4 ./Drivers/STM32F4xx_HAL_Driver/Src/stm32f4xx_hal_i2c.o
 .text.I2C_Master_SB
                0x000000000800334e      0x10c ./Drivers/STM32F4xx_HAL_Driver/Src/stm32f4xx_hal_i2c.o
 .text.I2C_Master_ADD10
                0x000000000800345a       0x54 ./Drivers/STM32F4xx_HAL_Driver/Src/stm32f4xx_hal_i2c.o
 .text.I2C_Master_ADDR
                0x00000000080034ae      0x322 ./Drivers/STM32F4xx_HAL_Driver/Src/stm32f4xx_hal_i2c.o
 .text.I2C_SlaveTransmit_TXE
                0x00000000080037d0       0x7a ./Drivers/STM32F4xx_HAL_Driver/Src/stm32f4xx_hal_i2c.o
 .text.I2C_SlaveTransmit_BTF
                0x000000000800384a       0x42 ./Drivers/STM32F4xx_HAL_Driver/Src/stm32f4xx_hal_i2c.o
 .text.I2C_SlaveReceive_RXNE
                0x000000000800388c       0x7c ./Drivers/STM32F4xx_HAL_Driver/Src/stm32f4xx_hal_i2c.o
 .text.I2C_SlaveReceive_BTF
                0x0000000008003908       0x44 ./Drivers/STM32F4xx_HAL_Driver/Src/stm32f4xx_hal_i2c.o
 .text.I2C_Slave_ADDR
                0x000000000800394c       0x94 ./Drivers/STM32F4xx_HAL_Driver/Src/stm32f4xx_hal_i2c.o
 .text.I2C_Slave_STOPF
                0x00000000080039e0      0x260 ./Drivers/STM32F4xx_HAL_Driver/Src/stm32f4xx_hal_i2c.o
 .text.I2C_Slave_AF
                0x0000000008003c40       0xe0 ./Drivers/STM32F4xx_HAL_Driver/Src/stm32f4xx_hal_i2c.o
 .text.I2C_ITError
                0x0000000008003d20      0x264 ./Drivers/STM32F4xx_HAL_Driver/Src/stm32f4xx_hal_i2c.o
 .text.I2C_DMAAbort
                0x0000000008003f84      0x150 ./Drivers/STM32F4xx_HAL_Driver/Src/stm32f4xx_hal_i2c.o
 .text.I2C_WaitOnFlagUntilTimeout
                0x00000000080040d4       0xae ./Drivers/STM32F4xx_HAL_Driver/Src/stm32f4xx_hal_i2c.o
 .text.I2C_WaitOnTXEFlagUntilTimeout
                0x0000000008004182       0x82 ./Drivers/STM32F4xx_HAL_Driver/Src/stm32f4xx_hal_i2c.o
 .text.I2C_WaitOnSTOPFlagUntilTimeout
                0x0000000008004204       0x7a ./Drivers/STM32F4xx_HAL_Driver/Src/stm32f4xx_hal_i2c.o
 *fill*         0x000000000800427e        0x2 
 .text.I2C_WaitOnSTOPRequestThroughIT
                0x0000000008004280       0x64 ./Drivers/STM32F4xx_HAL_Driver/Src/stm32f4xx_hal_i2c.o
 .text.I2C_WaitOnRXNEFlagUntilTimeout
                0x00000000080042e4       0xac ./Drivers/STM32F4xx_HAL_Driver/Src/stm32f4xx_hal_i2c.o
 .text.I2C_IsAcknowledgeFailed
                0x0000000008004390       0x5e ./Drivers/STM32F4xx_HAL_Driver/Src/stm32f4xx_hal_i2c.o
 .text.I2C_ConvertOtherXferOptions
                0x00000000080043ee       0x36 ./Drivers/STM32F4xx_HAL_Driver/Src/stm32f4xx_hal_i2c.o
 .text.HAL_RCC_ClockConfig
                0x0000000008004424      0x1cc ./Drivers/STM32F4xx_HAL_Driver/Src/stm32f4xx_hal_rcc.o
                0x0000000008004424                HAL_RCC_ClockConfig
 .text.HAL_RCC_GetHCLKFreq
                0x00000000080045f0       0x18 ./Drivers/STM32F4xx_HAL_Driver/Src/stm32f4xx_hal_rcc.o
                0x00000000080045f0                HAL_RCC_GetHCLKFreq
 .text.HAL_RCC_GetPCLK1Freq
                0x0000000008004608       0x28 ./Drivers/STM32F4xx_HAL_Driver/Src/stm32f4xx_hal_rcc.o
                0x0000000008004608                HAL_RCC_GetPCLK1Freq
 .text.HAL_RCC_GetPCLK2Freq
                0x0000000008004630       0x28 ./Drivers/STM32F4xx_HAL_Driver/Src/stm32f4xx_hal_rcc.o
                0x0000000008004630                HAL_RCC_GetPCLK2Freq
 .text.HAL_RCC_GetClockConfig
                0x0000000008004658       0x64 ./Drivers/STM32F4xx_HAL_Driver/Src/stm32f4xx_hal_rcc.o
                0x0000000008004658                HAL_RCC_GetClockConfig
 .text.HAL_RCC_GetSysClockFreq
                0x00000000080046bc      0x364 ./Drivers/STM32F4xx_HAL_Driver/Src/stm32f4xx_hal_rcc_ex.o
                0x00000000080046bc                HAL_RCC_GetSysClockFreq
 .text.HAL_RCC_OscConfig
                0x0000000008004a20      0x53c ./Drivers/STM32F4xx_HAL_Driver/Src/stm32f4xx_hal_rcc_ex.o
                0x0000000008004a20                HAL_RCC_OscConfig
 .text.HAL_TIM_Base_Init
                0x0000000008004f5c       0x9e ./Drivers/STM32F4xx_HAL_Driver/Src/stm32f4xx_hal_tim.o
                0x0000000008004f5c                HAL_TIM_Base_Init
 .text.HAL_TIM_Base_MspInit
                0x0000000008004ffa       0x14 ./Drivers/STM32F4xx_HAL_Driver/Src/stm32f4xx_hal_tim.o
                0x0000000008004ffa                HAL_TIM_Base_MspInit
 *fill*         0x000000000800500e        0x2 
 .text.HAL_TIM_Base_Start_IT
                0x0000000008005010       0xe0 ./Drivers/STM32F4xx_HAL_Driver/Src/stm32f4xx_hal_tim.o
                0x0000000008005010                HAL_TIM_Base_Start_IT
 .text.HAL_TIM_IC_Init
                0x00000000080050f0       0x9e ./Drivers/STM32F4xx_HAL_Driver/Src/stm32f4xx_hal_tim.o
                0x00000000080050f0                HAL_TIM_IC_Init
 *fill*         0x000000000800518e        0x2 
 .text.HAL_TIM_IC_Start_IT
                0x0000000008005190      0x250 ./Drivers/STM32F4xx_HAL_Driver/Src/stm32f4xx_hal_tim.o
                0x0000000008005190                HAL_TIM_IC_Start_IT
 .text.HAL_TIM_IRQHandler
                0x00000000080053e0      0x210 ./Drivers/STM32F4xx_HAL_Driver/Src/stm32f4xx_hal_tim.o
                0x00000000080053e0                HAL_TIM_IRQHandler
 .text.HAL_TIM_IC_ConfigChannel
                0x00000000080055f0      0x138 ./Drivers/STM32F4xx_HAL_Driver/Src/stm32f4xx_hal_tim.o
                0x00000000080055f0                HAL_TIM_IC_ConfigChannel
 .text.HAL_TIM_ReadCapturedValue
                0x0000000008005728       0x88 ./Drivers/STM32F4xx_HAL_Driver/Src/stm32f4xx_hal_tim.o
                0x0000000008005728                HAL_TIM_ReadCapturedValue
 .text.HAL_TIM_OC_DelayElapsedCallback
                0x00000000080057b0       0x14 ./Drivers/STM32F4xx_HAL_Driver/Src/stm32f4xx_hal_tim.o
                0x00000000080057b0                HAL_TIM_OC_DelayElapsedCallback
 .text.HAL_TIM_PWM_PulseFinishedCallback
                0x00000000080057c4       0x14 ./Drivers/STM32F4xx_HAL_Driver/Src/stm32f4xx_hal_tim.o
                0x00000000080057c4                HAL_TIM_PWM_PulseFinishedCallback
 .text.HAL_TIM_TriggerCallback
                0x00000000080057d8       0x14 ./Drivers/STM32F4xx_HAL_Driver/Src/stm32f4xx_hal_tim.o
                0x00000000080057d8                HAL_TIM_TriggerCallback
 .text.TIM_Base_SetConfig
                0x00000000080057ec      0x140 ./Drivers/STM32F4xx_HAL_Driver/Src/stm32f4xx_hal_tim.o
                0x00000000080057ec                TIM_Base_SetConfig
 .text.TIM_TI1_SetConfig
                0x000000000800592c       0xe8 ./Drivers/STM32F4xx_HAL_Driver/Src/stm32f4xx_hal_tim.o
                0x000000000800592c                TIM_TI1_SetConfig
 .text.TIM_TI2_SetConfig
                0x0000000008005a14       0x7a ./Drivers/STM32F4xx_HAL_Driver/Src/stm32f4xx_hal_tim.o
 .text.TIM_TI3_SetConfig
                0x0000000008005a8e       0x78 ./Drivers/STM32F4xx_HAL_Driver/Src/stm32f4xx_hal_tim.o
 .text.TIM_TI4_SetConfig
                0x0000000008005b06       0x7a ./Drivers/STM32F4xx_HAL_Driver/Src/stm32f4xx_hal_tim.o
 .text.TIM_CCxChannelCmd
                0x0000000008005b80       0x4a ./Drivers/STM32F4xx_HAL_Driver/Src/stm32f4xx_hal_tim.o
                0x0000000008005b80                TIM_CCxChannelCmd
 *fill*         0x0000000008005bca        0x2 
 .text.HAL_TIMEx_MasterConfigSynchronization
                0x0000000008005bcc       0xf8 ./Drivers/STM32F4xx_HAL_Driver/Src/stm32f4xx_hal_tim_ex.o
                0x0000000008005bcc                HAL_TIMEx_MasterConfigSynchronization
 .text.HAL_TIMEx_CommutCallback
                0x0000000008005cc4       0x14 ./Drivers/STM32F4xx_HAL_Driver/Src/stm32f4xx_hal_tim_ex.o
                0x0000000008005cc4                HAL_TIMEx_CommutCallback
 .text.HAL_TIMEx_BreakCallback
                0x0000000008005cd8       0x14 ./Drivers/STM32F4xx_HAL_Driver/Src/stm32f4xx_hal_tim_ex.o
                0x0000000008005cd8                HAL_TIMEx_BreakCallback
 .text.HAL_UART_Init
                0x0000000008005cec       0x9a ./Drivers/STM32F4xx_HAL_Driver/Src/stm32f4xx_hal_uart.o
                0x0000000008005cec                HAL_UART_Init
 *fill*         0x0000000008005d86        0x2 
 .text.UART_SetConfig
                0x0000000008005d88      0x390 ./Drivers/STM32F4xx_HAL_Driver/Src/stm32f4xx_hal_uart.o
 .text.makeFreeRtosPriority
                0x0000000008006118       0x30 ./Middlewares/Third_Party/FreeRTOS/Source/CMSIS_RTOS/cmsis_os.o
 .text.osKernelStart
                0x0000000008006148        0xe ./Middlewares/Third_Party/FreeRTOS/Source/CMSIS_RTOS/cmsis_os.o
                0x0000000008006148                osKernelStart
 .text.osThreadCreate
                0x0000000008006156       0x98 ./Middlewares/Third_Party/FreeRTOS/Source/CMSIS_RTOS/cmsis_os.o
                0x0000000008006156                osThreadCreate
 .text.osDelay  0x00000000080061ee       0x28 ./Middlewares/Third_Party/FreeRTOS/Source/CMSIS_RTOS/cmsis_os.o
                0x00000000080061ee                osDelay
 .text.osMutexCreate
                0x0000000008006216       0x30 ./Middlewares/Third_Party/FreeRTOS/Source/CMSIS_RTOS/cmsis_os.o
                0x0000000008006216                osMutexCreate
 .text.vListInitialise
                0x0000000008006246       0x40 ./Middlewares/Third_Party/FreeRTOS/Source/list.o
                0x0000000008006246                vListInitialise
 .text.vListInitialiseItem
                0x0000000008006286       0x1a ./Middlewares/Third_Party/FreeRTOS/Source/list.o
                0x0000000008006286                vListInitialiseItem
 .text.vListInsertEnd
                0x00000000080062a0       0x48 ./Middlewares/Third_Party/FreeRTOS/Source/list.o
                0x00000000080062a0                vListInsertEnd
 .text.vListInsert
                0x00000000080062e8       0x72 ./Middlewares/Third_Party/FreeRTOS/Source/list.o
                0x00000000080062e8                vListInsert
 .text.uxListRemove
                0x000000000800635a       0x54 ./Middlewares/Third_Party/FreeRTOS/Source/list.o
                0x000000000800635a                uxListRemove
 *fill*         0x00000000080063ae        0x2 
 .text.xQueueGenericReset
                0x00000000080063b0       0xd0 ./Middlewares/Third_Party/FreeRTOS/Source/queue.o
                0x00000000080063b0                xQueueGenericReset
 .text.xQueueGenericCreateStatic
                0x0000000008006480       0xf0 ./Middlewares/Third_Party/FreeRTOS/Source/queue.o
                0x0000000008006480                xQueueGenericCreateStatic
 .text.xQueueGenericCreate
                0x0000000008006570       0x74 ./Middlewares/Third_Party/FreeRTOS/Source/queue.o
                0x0000000008006570                xQueueGenericCreate
 .text.prvInitialiseNewQueue
                0x00000000080065e4       0x3e ./Middlewares/Third_Party/FreeRTOS/Source/queue.o
 .text.prvInitialiseMutex
                0x0000000008006622       0x34 ./Middlewares/Third_Party/FreeRTOS/Source/queue.o
 .text.xQueueCreateMutex
                0x0000000008006656       0x30 ./Middlewares/Third_Party/FreeRTOS/Source/queue.o
                0x0000000008006656                xQueueCreateMutex
 .text.xQueueCreateMutexStatic
                0x0000000008006686       0x36 ./Middlewares/Third_Party/FreeRTOS/Source/queue.o
                0x0000000008006686                xQueueCreateMutexStatic
 .text.xQueueGenericSend
                0x00000000080066bc      0x1fc ./Middlewares/Third_Party/FreeRTOS/Source/queue.o
                0x00000000080066bc                xQueueGenericSend
 .text.xQueueSemaphoreTake
                0x00000000080068b8      0x218 ./Middlewares/Third_Party/FreeRTOS/Source/queue.o
                0x00000000080068b8                xQueueSemaphoreTake
 .text.prvGetDisinheritPriorityAfterTimeout
                0x0000000008006ad0       0x30 ./Middlewares/Third_Party/FreeRTOS/Source/queue.o
 .text.prvCopyDataToQueue
                0x0000000008006b00       0xd4 ./Middlewares/Third_Party/FreeRTOS/Source/queue.o
 .text.prvUnlockQueue
                0x0000000008006bd4       0xa4 ./Middlewares/Third_Party/FreeRTOS/Source/queue.o
 .text.prvIsQueueEmpty
                0x0000000008006c78       0x2c ./Middlewares/Third_Party/FreeRTOS/Source/queue.o
 .text.prvIsQueueFull
                0x0000000008006ca4       0x30 ./Middlewares/Third_Party/FreeRTOS/Source/queue.o
 .text.xTaskCreateStatic
                0x0000000008006cd4       0xba ./Middlewares/Third_Party/FreeRTOS/Source/tasks.o
                0x0000000008006cd4                xTaskCreateStatic
 .text.xTaskCreate
                0x0000000008006d8e       0x8a ./Middlewares/Third_Party/FreeRTOS/Source/tasks.o
                0x0000000008006d8e                xTaskCreate
 .text.prvInitialiseNewTask
                0x0000000008006e18      0x10e ./Middlewares/Third_Party/FreeRTOS/Source/tasks.o
 *fill*         0x0000000008006f26        0x2 
 .text.prvAddNewTaskToReadyList
                0x0000000008006f28       0xd4 ./Middlewares/Third_Party/FreeRTOS/Source/tasks.o
 .text.vTaskDelay
                0x0000000008006ffc       0x68 ./Middlewares/Third_Party/FreeRTOS/Source/tasks.o
                0x0000000008006ffc                vTaskDelay
 .text.vTaskStartScheduler
                0x0000000008007064       0xc0 ./Middlewares/Third_Party/FreeRTOS/Source/tasks.o
                0x0000000008007064                vTaskStartScheduler
 .text.vTaskSuspendAll
                0x0000000008007124       0x1c ./Middlewares/Third_Party/FreeRTOS/Source/tasks.o
                0x0000000008007124                vTaskSuspendAll
 .text.xTaskResumeAll
                0x0000000008007140      0x138 ./Middlewares/Third_Party/FreeRTOS/Source/tasks.o
                0x0000000008007140                xTaskResumeAll
 .text.xTaskIncrementTick
                0x0000000008007278      0x170 ./Middlewares/Third_Party/FreeRTOS/Source/tasks.o
                0x0000000008007278                xTaskIncrementTick
 .text.vTaskSwitchContext
                0x00000000080073e8       0xb8 ./Middlewares/Third_Party/FreeRTOS/Source/tasks.o
                0x00000000080073e8                vTaskSwitchContext
 .text.vTaskPlaceOnEventList
                0x00000000080074a0       0x48 ./Middlewares/Third_Party/FreeRTOS/Source/tasks.o
                0x00000000080074a0                vTaskPlaceOnEventList
 .text.xTaskRemoveFromEventList
                0x00000000080074e8       0xc4 ./Middlewares/Third_Party/FreeRTOS/Source/tasks.o
                0x00000000080074e8                xTaskRemoveFromEventList
 .text.vTaskInternalSetTimeOutState
                0x00000000080075ac       0x2c ./Middlewares/Third_Party/FreeRTOS/Source/tasks.o
                0x00000000080075ac                vTaskInternalSetTimeOutState
 .text.xTaskCheckForTimeOut
                0x00000000080075d8       0xc4 ./Middlewares/Third_Party/FreeRTOS/Source/tasks.o
                0x00000000080075d8                xTaskCheckForTimeOut
 .text.vTaskMissedYield
                0x000000000800769c       0x18 ./Middlewares/Third_Party/FreeRTOS/Source/tasks.o
                0x000000000800769c                vTaskMissedYield
 .text.prvIdleTask
                0x00000000080076b4       0x30 ./Middlewares/Third_Party/FreeRTOS/Source/tasks.o
 .text.prvInitialiseTaskLists
                0x00000000080076e4       0x80 ./Middlewares/Third_Party/FreeRTOS/Source/tasks.o
 .text.prvCheckTasksWaitingTermination
                0x0000000008007764       0x5c ./Middlewares/Third_Party/FreeRTOS/Source/tasks.o
 .text.prvDeleteTCB
                0x00000000080077c0       0x5e ./Middlewares/Third_Party/FreeRTOS/Source/tasks.o
 *fill*         0x000000000800781e        0x2 
 .text.prvResetNextTaskUnblockTime
                0x0000000008007820       0x40 ./Middlewares/Third_Party/FreeRTOS/Source/tasks.o
 .text.xTaskGetSchedulerState
                0x0000000008007860       0x3c ./Middlewares/Third_Party/FreeRTOS/Source/tasks.o
                0x0000000008007860                xTaskGetSchedulerState
 .text.xTaskPriorityInherit
                0x000000000800789c       0xec ./Middlewares/Third_Party/FreeRTOS/Source/tasks.o
                0x000000000800789c                xTaskPriorityInherit
 .text.xTaskPriorityDisinherit
                0x0000000008007988      0x10c ./Middlewares/Third_Party/FreeRTOS/Source/tasks.o
                0x0000000008007988                xTaskPriorityDisinherit
 .text.vTaskPriorityDisinheritAfterTimeout
                0x0000000008007a94      0x11c ./Middlewares/Third_Party/FreeRTOS/Source/tasks.o
                0x0000000008007a94                vTaskPriorityDisinheritAfterTimeout
 .text.pvTaskIncrementMutexHeldCount
                0x0000000008007bb0       0x28 ./Middlewares/Third_Party/FreeRTOS/Source/tasks.o
                0x0000000008007bb0                pvTaskIncrementMutexHeldCount
 .text.prvAddCurrentTaskToDelayedList
                0x0000000008007bd8       0xcc ./Middlewares/Third_Party/FreeRTOS/Source/tasks.o
 .text.pxPortInitialiseStack
                0x0000000008007ca4       0x68 ./Middlewares/Third_Party/FreeRTOS/Source/portable/GCC/ARM_CM4F/port.o
                0x0000000008007ca4                pxPortInitialiseStack
 .text.prvTaskExitError
                0x0000000008007d0c       0x58 ./Middlewares/Third_Party/FreeRTOS/Source/portable/GCC/ARM_CM4F/port.o
 *fill*         0x0000000008007d64        0xc 
 .text.SVC_Handler
                0x0000000008007d70       0x28 ./Middlewares/Third_Party/FreeRTOS/Source/portable/GCC/ARM_CM4F/port.o
                0x0000000008007d70                SVC_Handler
 .text.prvPortStartFirstTask
                0x0000000008007d98       0x28 ./Middlewares/Third_Party/FreeRTOS/Source/portable/GCC/ARM_CM4F/port.o
 .text.xPortStartScheduler
                0x0000000008007dc0      0x144 ./Middlewares/Third_Party/FreeRTOS/Source/portable/GCC/ARM_CM4F/port.o
                0x0000000008007dc0                xPortStartScheduler
 .text.vPortEnterCritical
                0x0000000008007f04       0x60 ./Middlewares/Third_Party/FreeRTOS/Source/portable/GCC/ARM_CM4F/port.o
                0x0000000008007f04                vPortEnterCritical
 .text.vPortExitCritical
                0x0000000008007f64       0x54 ./Middlewares/Third_Party/FreeRTOS/Source/portable/GCC/ARM_CM4F/port.o
                0x0000000008007f64                vPortExitCritical
 *fill*         0x0000000008007fb8        0x8 
 .text.PendSV_Handler
                0x0000000008007fc0       0x68 ./Middlewares/Third_Party/FreeRTOS/Source/portable/GCC/ARM_CM4F/port.o
                0x0000000008007fc0                PendSV_Handler
 .text.SysTick_Handler
                0x0000000008008028       0x44 ./Middlewares/Third_Party/FreeRTOS/Source/portable/GCC/ARM_CM4F/port.o
                0x0000000008008028                SysTick_Handler
 .text.vPortSetupTimerInterrupt
                0x000000000800806c       0x48 ./Middlewares/Third_Party/FreeRTOS/Source/portable/GCC/ARM_CM4F/port.o
                0x000000000800806c                vPortSetupTimerInterrupt
 .text.vPortEnableVFP
                0x00000000080080b4       0x14 ./Middlewares/Third_Party/FreeRTOS/Source/portable/GCC/ARM_CM4F/port.o
 .text.pvPortMalloc
                0x00000000080080c8      0x198 ./Middlewares/Third_Party/FreeRTOS/Source/portable/MemMang/heap_4.o
                0x00000000080080c8                pvPortMalloc
 .text.vPortFree
                0x0000000008008260       0xc4 ./Middlewares/Third_Party/FreeRTOS/Source/portable/MemMang/heap_4.o
                0x0000000008008260                vPortFree
 .text.prvHeapInit
                0x0000000008008324       0xc4 ./Middlewares/Third_Party/FreeRTOS/Source/portable/MemMang/heap_4.o
 .text.prvInsertBlockIntoFreeList
                0x00000000080083e8       0xb4 ./Middlewares/Third_Party/FreeRTOS/Source/portable/MemMang/heap_4.o
 .text.__libc_init_array
                0x000000000800849c       0x48 /opt/st/stm32cubeide_1.8.0/plugins/com.st.stm32cube.ide.mcu.externaltools.gnu-tools-for-stm32.9-2020-q2-update.linux64_2.0.0.202105311346/tools/bin/../lib/gcc/arm-none-eabi/9.3.1/../../../../arm-none-eabi/lib/thumb/v7e-m+fp/hard/libc_nano.a(lib_a-init.o)
                0x000000000800849c                __libc_init_array
 .text.memcpy   0x00000000080084e4       0x1c /opt/st/stm32cubeide_1.8.0/plugins/com.st.stm32cube.ide.mcu.externaltools.gnu-tools-for-stm32.9-2020-q2-update.linux64_2.0.0.202105311346/tools/bin/../lib/gcc/arm-none-eabi/9.3.1/../../../../arm-none-eabi/lib/thumb/v7e-m+fp/hard/libc_nano.a(lib_a-memcpy-stub.o)
                0x00000000080084e4                memcpy
 .text.memset   0x0000000008008500       0x10 /opt/st/stm32cubeide_1.8.0/plugins/com.st.stm32cube.ide.mcu.externaltools.gnu-tools-for-stm32.9-2020-q2-update.linux64_2.0.0.202105311346/tools/bin/../lib/gcc/arm-none-eabi/9.3.1/../../../../arm-none-eabi/lib/thumb/v7e-m+fp/hard/libc_nano.a(lib_a-memset.o)
                0x0000000008008500                memset
 *(.glue_7)
 .glue_7        0x0000000008008510        0x0 linker stubs
 *(.glue_7t)
 .glue_7t       0x0000000008008510        0x0 linker stubs
 *(.eh_frame)
 .eh_frame      0x0000000008008510        0x0 /opt/st/stm32cubeide_1.8.0/plugins/com.st.stm32cube.ide.mcu.externaltools.gnu-tools-for-stm32.9-2020-q2-update.linux64_2.0.0.202105311346/tools/bin/../lib/gcc/arm-none-eabi/9.3.1/thumb/v7e-m+fp/hard/crtbegin.o
 *(.init)
 .init          0x0000000008008510        0x4 /opt/st/stm32cubeide_1.8.0/plugins/com.st.stm32cube.ide.mcu.externaltools.gnu-tools-for-stm32.9-2020-q2-update.linux64_2.0.0.202105311346/tools/bin/../lib/gcc/arm-none-eabi/9.3.1/thumb/v7e-m+fp/hard/crti.o
                0x0000000008008510                _init
 .init          0x0000000008008514        0x8 /opt/st/stm32cubeide_1.8.0/plugins/com.st.stm32cube.ide.mcu.externaltools.gnu-tools-for-stm32.9-2020-q2-update.linux64_2.0.0.202105311346/tools/bin/../lib/gcc/arm-none-eabi/9.3.1/thumb/v7e-m+fp/hard/crtn.o
 *(.fini)
 .fini          0x000000000800851c        0x4 /opt/st/stm32cubeide_1.8.0/plugins/com.st.stm32cube.ide.mcu.externaltools.gnu-tools-for-stm32.9-2020-q2-update.linux64_2.0.0.202105311346/tools/bin/../lib/gcc/arm-none-eabi/9.3.1/thumb/v7e-m+fp/hard/crti.o
                0x000000000800851c                _fini
 .fini          0x0000000008008520        0x8 /opt/st/stm32cubeide_1.8.0/plugins/com.st.stm32cube.ide.mcu.externaltools.gnu-tools-for-stm32.9-2020-q2-update.linux64_2.0.0.202105311346/tools/bin/../lib/gcc/arm-none-eabi/9.3.1/thumb/v7e-m+fp/hard/crtn.o
                0x0000000008008528                . = ALIGN (0x4)
                0x0000000008008528                _etext = .

.vfp11_veneer   0x0000000008008528        0x0
 .vfp11_veneer  0x0000000008008528        0x0 linker stubs

.v4_bx          0x0000000008008528        0x0
 .v4_bx         0x0000000008008528        0x0 linker stubs

.iplt           0x0000000008008528        0x0
 .iplt          0x0000000008008528        0x0 /opt/st/stm32cubeide_1.8.0/plugins/com.st.stm32cube.ide.mcu.externaltools.gnu-tools-for-stm32.9-2020-q2-update.linux64_2.0.0.202105311346/tools/bin/../lib/gcc/arm-none-eabi/9.3.1/thumb/v7e-m+fp/hard/crtbegin.o

.rodata         0x0000000008008528       0xbc
                0x0000000008008528                . = ALIGN (0x4)
 *(.rodata)
 .rodata        0x0000000008008528       0x9c ./Core/Src/main.o
 .rodata        0x00000000080085c4        0x5 ./Middlewares/Third_Party/FreeRTOS/Source/tasks.o
 *(.rodata*)
 *fill*         0x00000000080085c9        0x3 
 .rodata.AHBPrescTable
                0x00000000080085cc       0x10 ./Core/Src/system_stm32f4xx.o
                0x00000000080085cc                AHBPrescTable
 .rodata.APBPrescTable
                0x00000000080085dc        0x8 ./Core/Src/system_stm32f4xx.o
                0x00000000080085dc                APBPrescTable
                0x00000000080085e4                . = ALIGN (0x4)

.ARM.extab      0x00000000080085e4        0x0
                0x00000000080085e4                . = ALIGN (0x4)
 *(.ARM.extab* .gnu.linkonce.armextab.*)
                0x00000000080085e4                . = ALIGN (0x4)

.ARM            0x00000000080085e4        0x8
                0x00000000080085e4                . = ALIGN (0x4)
                0x00000000080085e4                __exidx_start = .
 *(.ARM.exidx*)
 .ARM.exidx     0x00000000080085e4        0x8 /opt/st/stm32cubeide_1.8.0/plugins/com.st.stm32cube.ide.mcu.externaltools.gnu-tools-for-stm32.9-2020-q2-update.linux64_2.0.0.202105311346/tools/bin/../lib/gcc/arm-none-eabi/9.3.1/thumb/v7e-m+fp/hard/libgcc.a(_udivmoddi4.o)
                0x00000000080085ec                __exidx_end = .
                0x00000000080085ec                . = ALIGN (0x4)

.rel.dyn        0x00000000080085ec        0x0
 .rel.iplt      0x00000000080085ec        0x0 /opt/st/stm32cubeide_1.8.0/plugins/com.st.stm32cube.ide.mcu.externaltools.gnu-tools-for-stm32.9-2020-q2-update.linux64_2.0.0.202105311346/tools/bin/../lib/gcc/arm-none-eabi/9.3.1/thumb/v7e-m+fp/hard/crtbegin.o

.preinit_array  0x00000000080085ec        0x0
                0x00000000080085ec                . = ALIGN (0x4)
                0x00000000080085ec                PROVIDE (__preinit_array_start = .)
 *(.preinit_array*)
                0x00000000080085ec                PROVIDE (__preinit_array_end = .)
                0x00000000080085ec                . = ALIGN (0x4)

.init_array     0x00000000080085ec        0x4
                0x00000000080085ec                . = ALIGN (0x4)
                0x00000000080085ec                PROVIDE (__init_array_start = .)
 *(SORT_BY_NAME(.init_array.*))
 *(.init_array*)
 .init_array    0x00000000080085ec        0x4 /opt/st/stm32cubeide_1.8.0/plugins/com.st.stm32cube.ide.mcu.externaltools.gnu-tools-for-stm32.9-2020-q2-update.linux64_2.0.0.202105311346/tools/bin/../lib/gcc/arm-none-eabi/9.3.1/thumb/v7e-m+fp/hard/crtbegin.o
                0x00000000080085f0                PROVIDE (__init_array_end = .)
                0x00000000080085f0                . = ALIGN (0x4)

.fini_array     0x00000000080085f0        0x4
                0x00000000080085f0                . = ALIGN (0x4)
                [!provide]                        PROVIDE (__fini_array_start = .)
 *(SORT_BY_NAME(.fini_array.*))
 *(.fini_array*)
 .fini_array    0x00000000080085f0        0x4 /opt/st/stm32cubeide_1.8.0/plugins/com.st.stm32cube.ide.mcu.externaltools.gnu-tools-for-stm32.9-2020-q2-update.linux64_2.0.0.202105311346/tools/bin/../lib/gcc/arm-none-eabi/9.3.1/thumb/v7e-m+fp/hard/crtbegin.o
                [!provide]                        PROVIDE (__fini_array_end = .)
                0x00000000080085f4                . = ALIGN (0x4)
                0x00000000080085f4                _sidata = LOADADDR (.data)

.data           0x0000000020000000       0x10 load address 0x00000000080085f4
                0x0000000020000000                . = ALIGN (0x4)
                0x0000000020000000                _sdata = .
 *(.data)
 *(.data*)
 .data.SystemCoreClock
                0x0000000020000000        0x4 ./Core/Src/system_stm32f4xx.o
                0x0000000020000000                SystemCoreClock
 .data.uwTickPrio
                0x0000000020000004        0x4 ./Drivers/STM32F4xx_HAL_Driver/Src/stm32f4xx_hal.o
                0x0000000020000004                uwTickPrio
 .data.uwTickFreq
                0x0000000020000008        0x1 ./Drivers/STM32F4xx_HAL_Driver/Src/stm32f4xx_hal.o
                0x0000000020000008                uwTickFreq
 *fill*         0x0000000020000009        0x3 
 .data.uxCriticalNesting
                0x000000002000000c        0x4 ./Middlewares/Third_Party/FreeRTOS/Source/portable/GCC/ARM_CM4F/port.o
 *(.RamFunc)
 *(.RamFunc*)
                0x0000000020000010                . = ALIGN (0x4)
                0x0000000020000010                _edata = .

.igot.plt       0x0000000020000010        0x0 load address 0x0000000008008604
 .igot.plt      0x0000000020000010        0x0 /opt/st/stm32cubeide_1.8.0/plugins/com.st.stm32cube.ide.mcu.externaltools.gnu-tools-for-stm32.9-2020-q2-update.linux64_2.0.0.202105311346/tools/bin/../lib/gcc/arm-none-eabi/9.3.1/thumb/v7e-m+fp/hard/crtbegin.o
                0x0000000020000010                . = ALIGN (0x4)

.bss            0x0000000020000010     0x411c load address 0x0000000008008604
                0x0000000020000010                _sbss = .
                0x0000000020000010                __bss_start__ = _sbss
 *(.bss)
 .bss           0x0000000020000010       0x1c /opt/st/stm32cubeide_1.8.0/plugins/com.st.stm32cube.ide.mcu.externaltools.gnu-tools-for-stm32.9-2020-q2-update.linux64_2.0.0.202105311346/tools/bin/../lib/gcc/arm-none-eabi/9.3.1/thumb/v7e-m+fp/hard/crtbegin.o
 *(.bss*)
 .bss.xIdleTaskTCBBuffer
                0x000000002000002c       0x54 ./Core/Src/freertos.o
 .bss.xIdleStack
                0x0000000020000080      0x200 ./Core/Src/freertos.o
 .bss.toggle    0x0000000020000280        0x1 ./Core/Src/main.o
                0x0000000020000280                toggle
 .bss.tx_buf    0x0000000020000281        0x1 ./Core/Src/main.o
                0x0000000020000281                tx_buf
 .bss.g_ret     0x0000000020000282        0x1 ./Core/Src/main.o
                0x0000000020000282                g_ret
 *fill*         0x0000000020000283        0x1 
 .bss.inputVal1
                0x0000000020000284        0x4 ./Core/Src/main.o
                0x0000000020000284                inputVal1
 .bss.inputVal2
                0x0000000020000288        0x4 ./Core/Src/main.o
                0x0000000020000288                inputVal2
 .bss.difference
                0x000000002000028c        0x4 ./Core/Src/main.o
                0x000000002000028c                difference
 .bss.firstVal  0x0000000020000290        0x1 ./Core/Src/main.o
                0x0000000020000290                firstVal
 .bss.distance  0x0000000020000291        0x1 ./Core/Src/main.o
                0x0000000020000291                distance
 *fill*         0x0000000020000292        0x2 
 .bss.pxCurrentTCB
                0x0000000020000294        0x4 ./Middlewares/Third_Party/FreeRTOS/Source/tasks.o
                0x0000000020000294                pxCurrentTCB
 .bss.pxReadyTasksLists
                0x0000000020000298       0x8c ./Middlewares/Third_Party/FreeRTOS/Source/tasks.o
 .bss.xDelayedTaskList1
                0x0000000020000324       0x14 ./Middlewares/Third_Party/FreeRTOS/Source/tasks.o
 .bss.xDelayedTaskList2
                0x0000000020000338       0x14 ./Middlewares/Third_Party/FreeRTOS/Source/tasks.o
 .bss.pxDelayedTaskList
                0x000000002000034c        0x4 ./Middlewares/Third_Party/FreeRTOS/Source/tasks.o
 .bss.pxOverflowDelayedTaskList
                0x0000000020000350        0x4 ./Middlewares/Third_Party/FreeRTOS/Source/tasks.o
 .bss.xPendingReadyList
                0x0000000020000354       0x14 ./Middlewares/Third_Party/FreeRTOS/Source/tasks.o
 .bss.xTasksWaitingTermination
                0x0000000020000368       0x14 ./Middlewares/Third_Party/FreeRTOS/Source/tasks.o
 .bss.uxDeletedTasksWaitingCleanUp
                0x000000002000037c        0x4 ./Middlewares/Third_Party/FreeRTOS/Source/tasks.o
 .bss.xSuspendedTaskList
                0x0000000020000380       0x14 ./Middlewares/Third_Party/FreeRTOS/Source/tasks.o
 .bss.uxCurrentNumberOfTasks
                0x0000000020000394        0x4 ./Middlewares/Third_Party/FreeRTOS/Source/tasks.o
 .bss.xTickCount
                0x0000000020000398        0x4 ./Middlewares/Third_Party/FreeRTOS/Source/tasks.o
 .bss.uxTopReadyPriority
                0x000000002000039c        0x4 ./Middlewares/Third_Party/FreeRTOS/Source/tasks.o
 .bss.xSchedulerRunning
                0x00000000200003a0        0x4 ./Middlewares/Third_Party/FreeRTOS/Source/tasks.o
 .bss.xPendedTicks
                0x00000000200003a4        0x4 ./Middlewares/Third_Party/FreeRTOS/Source/tasks.o
 .bss.xYieldPending
                0x00000000200003a8        0x4 ./Middlewares/Third_Party/FreeRTOS/Source/tasks.o
 .bss.xNumOfOverflows
                0x00000000200003ac        0x4 ./Middlewares/Third_Party/FreeRTOS/Source/tasks.o
 .bss.uxTaskNumber
                0x00000000200003b0        0x4 ./Middlewares/Third_Party/FreeRTOS/Source/tasks.o
 .bss.xNextTaskUnblockTime
                0x00000000200003b4        0x4 ./Middlewares/Third_Party/FreeRTOS/Source/tasks.o
 .bss.xIdleTaskHandle
                0x00000000200003b8        0x4 ./Middlewares/Third_Party/FreeRTOS/Source/tasks.o
 .bss.uxSchedulerSuspended
                0x00000000200003bc        0x4 ./Middlewares/Third_Party/FreeRTOS/Source/tasks.o
 .bss.ucMaxSysCallPriority
                0x00000000200003c0        0x1 ./Middlewares/Third_Party/FreeRTOS/Source/portable/GCC/ARM_CM4F/port.o
 *fill*         0x00000000200003c1        0x3 
 .bss.ulMaxPRIGROUPValue
                0x00000000200003c4        0x4 ./Middlewares/Third_Party/FreeRTOS/Source/portable/GCC/ARM_CM4F/port.o
 .bss.ucHeap    0x00000000200003c8     0x3c00 ./Middlewares/Third_Party/FreeRTOS/Source/portable/MemMang/heap_4.o
 .bss.xStart    0x0000000020003fc8        0x8 ./Middlewares/Third_Party/FreeRTOS/Source/portable/MemMang/heap_4.o
 .bss.pxEnd     0x0000000020003fd0        0x4 ./Middlewares/Third_Party/FreeRTOS/Source/portable/MemMang/heap_4.o
 .bss.xFreeBytesRemaining
                0x0000000020003fd4        0x4 ./Middlewares/Third_Party/FreeRTOS/Source/portable/MemMang/heap_4.o
 .bss.xMinimumEverFreeBytesRemaining
                0x0000000020003fd8        0x4 ./Middlewares/Third_Party/FreeRTOS/Source/portable/MemMang/heap_4.o
 .bss.xNumberOfSuccessfulAllocations
                0x0000000020003fdc        0x4 ./Middlewares/Third_Party/FreeRTOS/Source/portable/MemMang/heap_4.o
 .bss.xNumberOfSuccessfulFrees
                0x0000000020003fe0        0x4 ./Middlewares/Third_Party/FreeRTOS/Source/portable/MemMang/heap_4.o
 .bss.xBlockAllocatedBit
                0x0000000020003fe4        0x4 ./Middlewares/Third_Party/FreeRTOS/Source/portable/MemMang/heap_4.o
 *(COMMON)
 COMMON         0x0000000020003fe8       0xf8 ./Core/Src/main.o
                0x0000000020003fe8                defaultTaskHandle
                0x0000000020003fec                hi2c1
                0x0000000020004040                I2C_TaskHandle
                0x0000000020004044                i2cmutexHandle
                0x0000000020004048                rx_buf
                0x000000002000404c                htim1
                0x0000000020004094                IR_TaskHandle
                0x0000000020004098                HCSR04_TaskHandle
                0x000000002000409c                huart2
 COMMON         0x00000000200040e0       0x48 ./Core/Src/stm32f4xx_hal_timebase_tim.o
                0x00000000200040e0                htim2
 COMMON         0x0000000020004128        0x4 ./Drivers/STM32F4xx_HAL_Driver/Src/stm32f4xx_hal.o
                0x0000000020004128                uwTick
                0x000000002000412c                . = ALIGN (0x4)
                0x000000002000412c                _ebss = .
                0x000000002000412c                __bss_end__ = _ebss

._user_heap_stack
                0x000000002000412c      0x604 load address 0x0000000008008604
                0x0000000020004130                . = ALIGN (0x8)
 *fill*         0x000000002000412c        0x4 
                [!provide]                        PROVIDE (end = .)
                0x0000000020004130                PROVIDE (_end = .)
                0x0000000020004330                . = (. + _Min_Heap_Size)
 *fill*         0x0000000020004130      0x200 
                0x0000000020004730                . = (. + _Min_Stack_Size)
 *fill*         0x0000000020004330      0x400 
                0x0000000020004730                . = ALIGN (0x8)

/DISCARD/
 libc.a(*)
 libm.a(*)
 libgcc.a(*)

.ARM.attributes
                0x0000000000000000       0x30
 *(.ARM.attributes)
 .ARM.attributes
                0x0000000000000000       0x1e /opt/st/stm32cubeide_1.8.0/plugins/com.st.stm32cube.ide.mcu.externaltools.gnu-tools-for-stm32.9-2020-q2-update.linux64_2.0.0.202105311346/tools/bin/../lib/gcc/arm-none-eabi/9.3.1/thumb/v7e-m+fp/hard/crti.o
 .ARM.attributes
                0x000000000000001e       0x34 /opt/st/stm32cubeide_1.8.0/plugins/com.st.stm32cube.ide.mcu.externaltools.gnu-tools-for-stm32.9-2020-q2-update.linux64_2.0.0.202105311346/tools/bin/../lib/gcc/arm-none-eabi/9.3.1/thumb/v7e-m+fp/hard/crtbegin.o
 .ARM.attributes
                0x0000000000000052       0x34 ./Core/Src/freertos.o
 .ARM.attributes
                0x0000000000000086       0x34 ./Core/Src/main.o
 .ARM.attributes
                0x00000000000000ba       0x34 ./Core/Src/stm32f4xx_hal_msp.o
 .ARM.attributes
                0x00000000000000ee       0x34 ./Core/Src/stm32f4xx_hal_timebase_tim.o
 .ARM.attributes
                0x0000000000000122       0x34 ./Core/Src/stm32f4xx_it.o
 .ARM.attributes
                0x0000000000000156       0x34 ./Core/Src/system_stm32f4xx.o
 .ARM.attributes
                0x000000000000018a       0x21 ./Core/Startup/startup_stm32f446retx.o
 .ARM.attributes
                0x00000000000001ab       0x34 ./Drivers/STM32F4xx_HAL_Driver/Src/stm32f4xx_hal.o
 .ARM.attributes
                0x00000000000001df       0x34 ./Drivers/STM32F4xx_HAL_Driver/Src/stm32f4xx_hal_cortex.o
 .ARM.attributes
                0x0000000000000213       0x34 ./Drivers/STM32F4xx_HAL_Driver/Src/stm32f4xx_hal_dma.o
 .ARM.attributes
                0x0000000000000247       0x34 ./Drivers/STM32F4xx_HAL_Driver/Src/stm32f4xx_hal_gpio.o
 .ARM.attributes
                0x000000000000027b       0x34 ./Drivers/STM32F4xx_HAL_Driver/Src/stm32f4xx_hal_i2c.o
 .ARM.attributes
                0x00000000000002af       0x34 ./Drivers/STM32F4xx_HAL_Driver/Src/stm32f4xx_hal_rcc.o
 .ARM.attributes
                0x00000000000002e3       0x34 ./Drivers/STM32F4xx_HAL_Driver/Src/stm32f4xx_hal_rcc_ex.o
 .ARM.attributes
                0x0000000000000317       0x34 ./Drivers/STM32F4xx_HAL_Driver/Src/stm32f4xx_hal_tim.o
 .ARM.attributes
                0x000000000000034b       0x34 ./Drivers/STM32F4xx_HAL_Driver/Src/stm32f4xx_hal_tim_ex.o
 .ARM.attributes
                0x000000000000037f       0x34 ./Drivers/STM32F4xx_HAL_Driver/Src/stm32f4xx_hal_uart.o
 .ARM.attributes
                0x00000000000003b3       0x34 ./Middlewares/Third_Party/FreeRTOS/Source/CMSIS_RTOS/cmsis_os.o
 .ARM.attributes
                0x00000000000003e7       0x34 ./Middlewares/Third_Party/FreeRTOS/Source/list.o
 .ARM.attributes
                0x000000000000041b       0x34 ./Middlewares/Third_Party/FreeRTOS/Source/queue.o
 .ARM.attributes
                0x000000000000044f       0x34 ./Middlewares/Third_Party/FreeRTOS/Source/tasks.o
 .ARM.attributes
                0x0000000000000483       0x34 ./Middlewares/Third_Party/FreeRTOS/Source/portable/GCC/ARM_CM4F/port.o
 .ARM.attributes
                0x00000000000004b7       0x34 ./Middlewares/Third_Party/FreeRTOS/Source/portable/MemMang/heap_4.o
 .ARM.attributes
                0x00000000000004eb       0x34 /opt/st/stm32cubeide_1.8.0/plugins/com.st.stm32cube.ide.mcu.externaltools.gnu-tools-for-stm32.9-2020-q2-update.linux64_2.0.0.202105311346/tools/bin/../lib/gcc/arm-none-eabi/9.3.1/../../../../arm-none-eabi/lib/thumb/v7e-m+fp/hard/libc_nano.a(lib_a-init.o)
 .ARM.attributes
                0x000000000000051f       0x34 /opt/st/stm32cubeide_1.8.0/plugins/com.st.stm32cube.ide.mcu.externaltools.gnu-tools-for-stm32.9-2020-q2-update.linux64_2.0.0.202105311346/tools/bin/../lib/gcc/arm-none-eabi/9.3.1/../../../../arm-none-eabi/lib/thumb/v7e-m+fp/hard/libc_nano.a(lib_a-memcpy-stub.o)
 .ARM.attributes
                0x0000000000000553       0x34 /opt/st/stm32cubeide_1.8.0/plugins/com.st.stm32cube.ide.mcu.externaltools.gnu-tools-for-stm32.9-2020-q2-update.linux64_2.0.0.202105311346/tools/bin/../lib/gcc/arm-none-eabi/9.3.1/../../../../arm-none-eabi/lib/thumb/v7e-m+fp/hard/libc_nano.a(lib_a-memset.o)
 .ARM.attributes
                0x0000000000000587       0x1e /opt/st/stm32cubeide_1.8.0/plugins/com.st.stm32cube.ide.mcu.externaltools.gnu-tools-for-stm32.9-2020-q2-update.linux64_2.0.0.202105311346/tools/bin/../lib/gcc/arm-none-eabi/9.3.1/thumb/v7e-m+fp/hard/libgcc.a(_arm_addsubdf3.o)
 .ARM.attributes
                0x00000000000005a5       0x1e /opt/st/stm32cubeide_1.8.0/plugins/com.st.stm32cube.ide.mcu.externaltools.gnu-tools-for-stm32.9-2020-q2-update.linux64_2.0.0.202105311346/tools/bin/../lib/gcc/arm-none-eabi/9.3.1/thumb/v7e-m+fp/hard/libgcc.a(_arm_muldivdf3.o)
 .ARM.attributes
                0x00000000000005c3       0x1e /opt/st/stm32cubeide_1.8.0/plugins/com.st.stm32cube.ide.mcu.externaltools.gnu-tools-for-stm32.9-2020-q2-update.linux64_2.0.0.202105311346/tools/bin/../lib/gcc/arm-none-eabi/9.3.1/thumb/v7e-m+fp/hard/libgcc.a(_arm_fixunsdfsi.o)
 .ARM.attributes
                0x00000000000005e1       0x1e /opt/st/stm32cubeide_1.8.0/plugins/com.st.stm32cube.ide.mcu.externaltools.gnu-tools-for-stm32.9-2020-q2-update.linux64_2.0.0.202105311346/tools/bin/../lib/gcc/arm-none-eabi/9.3.1/thumb/v7e-m+fp/hard/libgcc.a(_aeabi_uldivmod.o)
 .ARM.attributes
                0x00000000000005ff       0x34 /opt/st/stm32cubeide_1.8.0/plugins/com.st.stm32cube.ide.mcu.externaltools.gnu-tools-for-stm32.9-2020-q2-update.linux64_2.0.0.202105311346/tools/bin/../lib/gcc/arm-none-eabi/9.3.1/thumb/v7e-m+fp/hard/libgcc.a(_udivmoddi4.o)
 .ARM.attributes
                0x0000000000000633       0x1e /opt/st/stm32cubeide_1.8.0/plugins/com.st.stm32cube.ide.mcu.externaltools.gnu-tools-for-stm32.9-2020-q2-update.linux64_2.0.0.202105311346/tools/bin/../lib/gcc/arm-none-eabi/9.3.1/thumb/v7e-m+fp/hard/libgcc.a(_dvmd_tls.o)
 .ARM.attributes
                0x0000000000000651       0x1e /opt/st/stm32cubeide_1.8.0/plugins/com.st.stm32cube.ide.mcu.externaltools.gnu-tools-for-stm32.9-2020-q2-update.linux64_2.0.0.202105311346/tools/bin/../lib/gcc/arm-none-eabi/9.3.1/thumb/v7e-m+fp/hard/crtn.o
OUTPUT(Sample_I2C.elf elf32-littlearm)
LOAD linker stubs
LOAD /opt/st/stm32cubeide_1.8.0/plugins/com.st.stm32cube.ide.mcu.externaltools.gnu-tools-for-stm32.9-2020-q2-update.linux64_2.0.0.202105311346/tools/bin/../lib/gcc/arm-none-eabi/9.3.1/../../../../arm-none-eabi/lib/thumb/v7e-m+fp/hard/libc.a
LOAD /opt/st/stm32cubeide_1.8.0/plugins/com.st.stm32cube.ide.mcu.externaltools.gnu-tools-for-stm32.9-2020-q2-update.linux64_2.0.0.202105311346/tools/bin/../lib/gcc/arm-none-eabi/9.3.1/../../../../arm-none-eabi/lib/thumb/v7e-m+fp/hard/libm.a
LOAD /opt/st/stm32cubeide_1.8.0/plugins/com.st.stm32cube.ide.mcu.externaltools.gnu-tools-for-stm32.9-2020-q2-update.linux64_2.0.0.202105311346/tools/bin/../lib/gcc/arm-none-eabi/9.3.1/thumb/v7e-m+fp/hard/libgcc.a

.debug_info     0x0000000000000000    0x1ad0f
 .debug_info    0x0000000000000000      0x36d ./Core/Src/freertos.o
 .debug_info    0x000000000000036d     0x1acf ./Core/Src/main.o
 .debug_info    0x0000000000001e3c     0x139d ./Core/Src/stm32f4xx_hal_msp.o
 .debug_info    0x00000000000031d9      0xcc2 ./Core/Src/stm32f4xx_hal_timebase_tim.o
 .debug_info    0x0000000000003e9b      0xaf0 ./Core/Src/stm32f4xx_it.o
 .debug_info    0x000000000000498b      0x5dc ./Core/Src/system_stm32f4xx.o
 .debug_info    0x0000000000004f67       0x22 ./Core/Startup/startup_stm32f446retx.o
 .debug_info    0x0000000000004f89      0xa08 ./Drivers/STM32F4xx_HAL_Driver/Src/stm32f4xx_hal.o
 .debug_info    0x0000000000005991      0xef5 ./Drivers/STM32F4xx_HAL_Driver/Src/stm32f4xx_hal_cortex.o
 .debug_info    0x0000000000006886      0x9f1 ./Drivers/STM32F4xx_HAL_Driver/Src/stm32f4xx_hal_dma.o
 .debug_info    0x0000000000007277      0x892 ./Drivers/STM32F4xx_HAL_Driver/Src/stm32f4xx_hal_gpio.o
 .debug_info    0x0000000000007b09     0x265b ./Drivers/STM32F4xx_HAL_Driver/Src/stm32f4xx_hal_i2c.o
 .debug_info    0x000000000000a164      0x9db ./Drivers/STM32F4xx_HAL_Driver/Src/stm32f4xx_hal_rcc.o
 .debug_info    0x000000000000ab3f      0xa86 ./Drivers/STM32F4xx_HAL_Driver/Src/stm32f4xx_hal_rcc_ex.o
 .debug_info    0x000000000000b5c5     0x2c22 ./Drivers/STM32F4xx_HAL_Driver/Src/stm32f4xx_hal_tim.o
 .debug_info    0x000000000000e1e7     0x15a2 ./Drivers/STM32F4xx_HAL_Driver/Src/stm32f4xx_hal_tim_ex.o
 .debug_info    0x000000000000f789     0x31de ./Drivers/STM32F4xx_HAL_Driver/Src/stm32f4xx_hal_uart.o
 .debug_info    0x0000000000012967     0x203a ./Middlewares/Third_Party/FreeRTOS/Source/CMSIS_RTOS/cmsis_os.o
 .debug_info    0x00000000000149a1      0xb82 ./Middlewares/Third_Party/FreeRTOS/Source/list.o
 .debug_info    0x0000000000015523     0x1ffc ./Middlewares/Third_Party/FreeRTOS/Source/queue.o
 .debug_info    0x000000000001751f     0x2575 ./Middlewares/Third_Party/FreeRTOS/Source/tasks.o
 .debug_info    0x0000000000019a94      0x4f1 ./Middlewares/Third_Party/FreeRTOS/Source/portable/GCC/ARM_CM4F/port.o
 .debug_info    0x0000000000019f85      0xd8a ./Middlewares/Third_Party/FreeRTOS/Source/portable/MemMang/heap_4.o

.debug_abbrev   0x0000000000000000     0x3499
 .debug_abbrev  0x0000000000000000      0x11d ./Core/Src/freertos.o
 .debug_abbrev  0x000000000000011d      0x343 ./Core/Src/main.o
 .debug_abbrev  0x0000000000000460      0x1f5 ./Core/Src/stm32f4xx_hal_msp.o
 .debug_abbrev  0x0000000000000655      0x1bf ./Core/Src/stm32f4xx_hal_timebase_tim.o
 .debug_abbrev  0x0000000000000814      0x176 ./Core/Src/stm32f4xx_it.o
 .debug_abbrev  0x000000000000098a      0x145 ./Core/Src/system_stm32f4xx.o
 .debug_abbrev  0x0000000000000acf       0x12 ./Core/Startup/startup_stm32f446retx.o
 .debug_abbrev  0x0000000000000ae1      0x1ed ./Drivers/STM32F4xx_HAL_Driver/Src/stm32f4xx_hal.o
 .debug_abbrev  0x0000000000000cce      0x33c ./Drivers/STM32F4xx_HAL_Driver/Src/stm32f4xx_hal_cortex.o
 .debug_abbrev  0x000000000000100a      0x259 ./Drivers/STM32F4xx_HAL_Driver/Src/stm32f4xx_hal_dma.o
 .debug_abbrev  0x0000000000001263      0x1f1 ./Drivers/STM32F4xx_HAL_Driver/Src/stm32f4xx_hal_gpio.o
 .debug_abbrev  0x0000000000001454      0x282 ./Drivers/STM32F4xx_HAL_Driver/Src/stm32f4xx_hal_i2c.o
 .debug_abbrev  0x00000000000016d6      0x275 ./Drivers/STM32F4xx_HAL_Driver/Src/stm32f4xx_hal_rcc.o
 .debug_abbrev  0x000000000000194b      0x1e2 ./Drivers/STM32F4xx_HAL_Driver/Src/stm32f4xx_hal_rcc_ex.o
 .debug_abbrev  0x0000000000001b2d      0x25e ./Drivers/STM32F4xx_HAL_Driver/Src/stm32f4xx_hal_tim.o
 .debug_abbrev  0x0000000000001d8b      0x266 ./Drivers/STM32F4xx_HAL_Driver/Src/stm32f4xx_hal_tim_ex.o
 .debug_abbrev  0x0000000000001ff1      0x2eb ./Drivers/STM32F4xx_HAL_Driver/Src/stm32f4xx_hal_uart.o
 .debug_abbrev  0x00000000000022dc      0x3c2 ./Middlewares/Third_Party/FreeRTOS/Source/CMSIS_RTOS/cmsis_os.o
 .debug_abbrev  0x000000000000269e      0x1f7 ./Middlewares/Third_Party/FreeRTOS/Source/list.o
 .debug_abbrev  0x0000000000002895      0x380 ./Middlewares/Third_Party/FreeRTOS/Source/queue.o
 .debug_abbrev  0x0000000000002c15      0x380 ./Middlewares/Third_Party/FreeRTOS/Source/tasks.o
 .debug_abbrev  0x0000000000002f95      0x231 ./Middlewares/Third_Party/FreeRTOS/Source/portable/GCC/ARM_CM4F/port.o
 .debug_abbrev  0x00000000000031c6      0x2d3 ./Middlewares/Third_Party/FreeRTOS/Source/portable/MemMang/heap_4.o

.debug_aranges  0x0000000000000000     0x1570
 .debug_aranges
                0x0000000000000000       0x20 ./Core/Src/freertos.o
 .debug_aranges
                0x0000000000000020       0xa0 ./Core/Src/main.o
 .debug_aranges
                0x00000000000000c0       0x50 ./Core/Src/stm32f4xx_hal_msp.o
 .debug_aranges
                0x0000000000000110       0x30 ./Core/Src/stm32f4xx_hal_timebase_tim.o
 .debug_aranges
                0x0000000000000140       0x68 ./Core/Src/stm32f4xx_it.o
 .debug_aranges
                0x00000000000001a8       0x28 ./Core/Src/system_stm32f4xx.o
 .debug_aranges
                0x00000000000001d0       0x28 ./Core/Startup/startup_stm32f446retx.o
 .debug_aranges
                0x00000000000001f8       0xf0 ./Drivers/STM32F4xx_HAL_Driver/Src/stm32f4xx_hal.o
 .debug_aranges
                0x00000000000002e8      0x118 ./Drivers/STM32F4xx_HAL_Driver/Src/stm32f4xx_hal_cortex.o
 .debug_aranges
                0x0000000000000400       0x90 ./Drivers/STM32F4xx_HAL_Driver/Src/stm32f4xx_hal_dma.o
 .debug_aranges
                0x0000000000000490       0x58 ./Drivers/STM32F4xx_HAL_Driver/Src/stm32f4xx_hal_gpio.o
 .debug_aranges
                0x00000000000004e8      0x2a0 ./Drivers/STM32F4xx_HAL_Driver/Src/stm32f4xx_hal_i2c.o
 .debug_aranges
                0x0000000000000788       0x88 ./Drivers/STM32F4xx_HAL_Driver/Src/stm32f4xx_hal_rcc.o
 .debug_aranges
                0x0000000000000810       0x78 ./Drivers/STM32F4xx_HAL_Driver/Src/stm32f4xx_hal_rcc_ex.o
 .debug_aranges
                0x0000000000000888      0x3d0 ./Drivers/STM32F4xx_HAL_Driver/Src/stm32f4xx_hal_tim.o
 .debug_aranges
                0x0000000000000c58      0x168 ./Drivers/STM32F4xx_HAL_Driver/Src/stm32f4xx_hal_tim_ex.o
 .debug_aranges
                0x0000000000000dc0      0x200 ./Drivers/STM32F4xx_HAL_Driver/Src/stm32f4xx_hal_uart.o
 .debug_aranges
                0x0000000000000fc0      0x1d8 ./Middlewares/Third_Party/FreeRTOS/Source/CMSIS_RTOS/cmsis_os.o
 .debug_aranges
                0x0000000000001198       0x40 ./Middlewares/Third_Party/FreeRTOS/Source/list.o
 .debug_aranges
                0x00000000000011d8      0x108 ./Middlewares/Third_Party/FreeRTOS/Source/queue.o
 .debug_aranges
                0x00000000000012e0      0x1b8 ./Middlewares/Third_Party/FreeRTOS/Source/tasks.o
 .debug_aranges
                0x0000000000001498       0x80 ./Middlewares/Third_Party/FreeRTOS/Source/portable/GCC/ARM_CM4F/port.o
 .debug_aranges
                0x0000000000001518       0x58 ./Middlewares/Third_Party/FreeRTOS/Source/portable/MemMang/heap_4.o

.debug_ranges   0x0000000000000000     0x1460
 .debug_ranges  0x0000000000000000       0x10 ./Core/Src/freertos.o
 .debug_ranges  0x0000000000000010       0x90 ./Core/Src/main.o
 .debug_ranges  0x00000000000000a0       0x40 ./Core/Src/stm32f4xx_hal_msp.o
 .debug_ranges  0x00000000000000e0       0x20 ./Core/Src/stm32f4xx_hal_timebase_tim.o
 .debug_ranges  0x0000000000000100       0x58 ./Core/Src/stm32f4xx_it.o
 .debug_ranges  0x0000000000000158       0x18 ./Core/Src/system_stm32f4xx.o
 .debug_ranges  0x0000000000000170       0x20 ./Core/Startup/startup_stm32f446retx.o
 .debug_ranges  0x0000000000000190       0xe0 ./Drivers/STM32F4xx_HAL_Driver/Src/stm32f4xx_hal.o
 .debug_ranges  0x0000000000000270      0x108 ./Drivers/STM32F4xx_HAL_Driver/Src/stm32f4xx_hal_cortex.o
 .debug_ranges  0x0000000000000378       0x80 ./Drivers/STM32F4xx_HAL_Driver/Src/stm32f4xx_hal_dma.o
 .debug_ranges  0x00000000000003f8       0x48 ./Drivers/STM32F4xx_HAL_Driver/Src/stm32f4xx_hal_gpio.o
 .debug_ranges  0x0000000000000440      0x2b8 ./Drivers/STM32F4xx_HAL_Driver/Src/stm32f4xx_hal_i2c.o
 .debug_ranges  0x00000000000006f8       0x78 ./Drivers/STM32F4xx_HAL_Driver/Src/stm32f4xx_hal_rcc.o
 .debug_ranges  0x0000000000000770       0x68 ./Drivers/STM32F4xx_HAL_Driver/Src/stm32f4xx_hal_rcc_ex.o
 .debug_ranges  0x00000000000007d8      0x3c0 ./Drivers/STM32F4xx_HAL_Driver/Src/stm32f4xx_hal_tim.o
 .debug_ranges  0x0000000000000b98      0x158 ./Drivers/STM32F4xx_HAL_Driver/Src/stm32f4xx_hal_tim_ex.o
 .debug_ranges  0x0000000000000cf0      0x220 ./Drivers/STM32F4xx_HAL_Driver/Src/stm32f4xx_hal_uart.o
 .debug_ranges  0x0000000000000f10      0x1c8 ./Middlewares/Third_Party/FreeRTOS/Source/CMSIS_RTOS/cmsis_os.o
 .debug_ranges  0x00000000000010d8       0x30 ./Middlewares/Third_Party/FreeRTOS/Source/list.o
 .debug_ranges  0x0000000000001108       0xf8 ./Middlewares/Third_Party/FreeRTOS/Source/queue.o
 .debug_ranges  0x0000000000001200      0x1a8 ./Middlewares/Third_Party/FreeRTOS/Source/tasks.o
 .debug_ranges  0x00000000000013a8       0x70 ./Middlewares/Third_Party/FreeRTOS/Source/portable/GCC/ARM_CM4F/port.o
 .debug_ranges  0x0000000000001418       0x48 ./Middlewares/Third_Party/FreeRTOS/Source/portable/MemMang/heap_4.o

.debug_macro    0x0000000000000000    0x23604
 .debug_macro   0x0000000000000000      0x25e ./Core/Src/freertos.o
 .debug_macro   0x000000000000025e      0xaa8 ./Core/Src/freertos.o
 .debug_macro   0x0000000000000d06      0x174 ./Core/Src/freertos.o
 .debug_macro   0x0000000000000e7a       0x22 ./Core/Src/freertos.o
 .debug_macro   0x0000000000000e9c       0x8e ./Core/Src/freertos.o
 .debug_macro   0x0000000000000f2a       0x51 ./Core/Src/freertos.o
 .debug_macro   0x0000000000000f7b      0x103 ./Core/Src/freertos.o
 .debug_macro   0x000000000000107e       0x6a ./Core/Src/freertos.o
 .debug_macro   0x00000000000010e8      0x1df ./Core/Src/freertos.o
 .debug_macro   0x00000000000012c7       0xea ./Core/Src/freertos.o
 .debug_macro   0x00000000000013b1      0x15a ./Core/Src/freertos.o
 .debug_macro   0x000000000000150b       0xde ./Core/Src/freertos.o
 .debug_macro   0x00000000000015e9       0x1c ./Core/Src/freertos.o
 .debug_macro   0x0000000000001605       0x26 ./Core/Src/freertos.o
 .debug_macro   0x000000000000162b      0x504 ./Core/Src/freertos.o
 .debug_macro   0x0000000000001b2f       0xb5 ./Core/Src/freertos.o
 .debug_macro   0x0000000000001be4       0xaa ./Core/Src/freertos.o
 .debug_macro   0x0000000000001c8e      0x2a1 ./Core/Src/freertos.o
 .debug_macro   0x0000000000001f2f       0x2e ./Core/Src/freertos.o
 .debug_macro   0x0000000000001f5d       0x28 ./Core/Src/freertos.o
 .debug_macro   0x0000000000001f85       0x1c ./Core/Src/freertos.o
 .debug_macro   0x0000000000001fa1       0x22 ./Core/Src/freertos.o
 .debug_macro   0x0000000000001fc3       0xdf ./Core/Src/freertos.o
 .debug_macro   0x00000000000020a2     0x102d ./Core/Src/freertos.o
 .debug_macro   0x00000000000030cf      0x11f ./Core/Src/freertos.o
 .debug_macro   0x00000000000031ee    0x16749 ./Core/Src/freertos.o
 .debug_macro   0x0000000000019937       0x6d ./Core/Src/freertos.o
 .debug_macro   0x00000000000199a4     0x3666 ./Core/Src/freertos.o
 .debug_macro   0x000000000001d00a       0x5c ./Core/Src/freertos.o
 .debug_macro   0x000000000001d066      0xc90 ./Core/Src/freertos.o
 .debug_macro   0x000000000001dcf6      0x9fe ./Core/Src/freertos.o
 .debug_macro   0x000000000001e6f4      0x116 ./Core/Src/freertos.o
 .debug_macro   0x000000000001e80a      0x1a0 ./Core/Src/freertos.o
 .debug_macro   0x000000000001e9aa       0xa5 ./Core/Src/freertos.o
 .debug_macro   0x000000000001ea4f      0x16d ./Core/Src/freertos.o
 .debug_macro   0x000000000001ebbc      0x287 ./Core/Src/freertos.o
 .debug_macro   0x000000000001ee43       0x5f ./Core/Src/freertos.o
 .debug_macro   0x000000000001eea2      0x236 ./Core/Src/freertos.o
 .debug_macro   0x000000000001f0d8      0x132 ./Core/Src/freertos.o
 .debug_macro   0x000000000001f20a      0x29c ./Core/Src/freertos.o
 .debug_macro   0x000000000001f4a6       0x2e ./Core/Src/freertos.o
 .debug_macro   0x000000000001f4d4      0x1b5 ./Core/Src/freertos.o
 .debug_macro   0x000000000001f689       0x22 ./Core/Src/freertos.o
 .debug_macro   0x000000000001f6ab       0xd6 ./Core/Src/freertos.o
 .debug_macro   0x000000000001f781      0x11a ./Core/Src/freertos.o
 .debug_macro   0x000000000001f89b       0xe8 ./Core/Src/freertos.o
 .debug_macro   0x000000000001f983       0x89 ./Core/Src/freertos.o
 .debug_macro   0x000000000001fa0c      0x8d1 ./Core/Src/freertos.o
 .debug_macro   0x00000000000202dd       0x4d ./Core/Src/freertos.o
 .debug_macro   0x000000000002032a      0x295 ./Core/Src/freertos.o
 .debug_macro   0x00000000000205bf      0x126 ./Core/Src/freertos.o
 .debug_macro   0x00000000000206e5       0x40 ./Core/Src/freertos.o
 .debug_macro   0x0000000000020725      0x2af ./Core/Src/main.o
 .debug_macro   0x00000000000209d4       0xea ./Core/Src/main.o
 .debug_macro   0x0000000000020abe       0x91 ./Core/Src/main.o
 .debug_macro   0x0000000000020b4f       0x8d ./Core/Src/main.o
 .debug_macro   0x0000000000020bdc       0x7e ./Core/Src/main.o
 .debug_macro   0x0000000000020c5a       0x19 ./Core/Src/main.o
 .debug_macro   0x0000000000020c73       0xf2 ./Core/Src/main.o
 .debug_macro   0x0000000000020d65      0x1f6 ./Core/Src/stm32f4xx_hal_msp.o
 .debug_macro   0x0000000000020f5b      0x1e7 ./Core/Src/stm32f4xx_hal_timebase_tim.o
 .debug_macro   0x0000000000021142      0x200 ./Core/Src/stm32f4xx_it.o
 .debug_macro   0x0000000000021342      0x1e7 ./Core/Src/system_stm32f4xx.o
 .debug_macro   0x0000000000021529      0x247 ./Drivers/STM32F4xx_HAL_Driver/Src/stm32f4xx_hal.o
 .debug_macro   0x0000000000021770      0x1e7 ./Drivers/STM32F4xx_HAL_Driver/Src/stm32f4xx_hal_cortex.o
 .debug_macro   0x0000000000021957      0x1ed ./Drivers/STM32F4xx_HAL_Driver/Src/stm32f4xx_hal_dma.o
 .debug_macro   0x0000000000021b44      0x1ed ./Drivers/STM32F4xx_HAL_Driver/Src/stm32f4xx_hal_gpio.o
 .debug_macro   0x0000000000021d31      0x22e ./Drivers/STM32F4xx_HAL_Driver/Src/stm32f4xx_hal_i2c.o
 .debug_macro   0x0000000000021f5f      0x20b ./Drivers/STM32F4xx_HAL_Driver/Src/stm32f4xx_hal_rcc.o
 .debug_macro   0x000000000002216a      0x1e7 ./Drivers/STM32F4xx_HAL_Driver/Src/stm32f4xx_hal_rcc_ex.o
 .debug_macro   0x0000000000022351      0x1e8 ./Drivers/STM32F4xx_HAL_Driver/Src/stm32f4xx_hal_tim.o
 .debug_macro   0x0000000000022539      0x1e7 ./Drivers/STM32F4xx_HAL_Driver/Src/stm32f4xx_hal_tim_ex.o
 .debug_macro   0x0000000000022720      0x1e8 ./Drivers/STM32F4xx_HAL_Driver/Src/stm32f4xx_hal_uart.o
 .debug_macro   0x0000000000022908      0x1fe ./Middlewares/Third_Party/FreeRTOS/Source/CMSIS_RTOS/cmsis_os.o
 .debug_macro   0x0000000000022b06       0x10 ./Middlewares/Third_Party/FreeRTOS/Source/CMSIS_RTOS/cmsis_os.o
 .debug_macro   0x0000000000022b16       0x20 ./Middlewares/Third_Party/FreeRTOS/Source/CMSIS_RTOS/cmsis_os.o
 .debug_macro   0x0000000000022b36       0xc7 ./Middlewares/Third_Party/FreeRTOS/Source/CMSIS_RTOS/cmsis_os.o
 .debug_macro   0x0000000000022bfd      0x187 ./Middlewares/Third_Party/FreeRTOS/Source/list.o
 .debug_macro   0x0000000000022d84      0x216 ./Middlewares/Third_Party/FreeRTOS/Source/queue.o
 .debug_macro   0x0000000000022f9a       0x16 ./Middlewares/Third_Party/FreeRTOS/Source/queue.o
 .debug_macro   0x0000000000022fb0       0x87 ./Middlewares/Third_Party/FreeRTOS/Source/queue.o
 .debug_macro   0x0000000000023037      0x279 ./Middlewares/Third_Party/FreeRTOS/Source/tasks.o
 .debug_macro   0x00000000000232b0       0x10 ./Middlewares/Third_Party/FreeRTOS/Source/tasks.o
 .debug_macro   0x00000000000232c0      0x196 ./Middlewares/Third_Party/FreeRTOS/Source/portable/GCC/ARM_CM4F/port.o
 .debug_macro   0x0000000000023456      0x1ae ./Middlewares/Third_Party/FreeRTOS/Source/portable/MemMang/heap_4.o

.debug_line     0x0000000000000000    0x18de1
 .debug_line    0x0000000000000000      0x7d2 ./Core/Src/freertos.o
 .debug_line    0x00000000000007d2      0xbaf ./Core/Src/main.o
 .debug_line    0x0000000000001381      0x7c5 ./Core/Src/stm32f4xx_hal_msp.o
 .debug_line    0x0000000000001b46      0x733 ./Core/Src/stm32f4xx_hal_timebase_tim.o
 .debug_line    0x0000000000002279      0x7b8 ./Core/Src/stm32f4xx_it.o
 .debug_line    0x0000000000002a31      0x755 ./Core/Src/system_stm32f4xx.o
 .debug_line    0x0000000000003186       0x88 ./Core/Startup/startup_stm32f446retx.o
 .debug_line    0x000000000000320e      0x9bb ./Drivers/STM32F4xx_HAL_Driver/Src/stm32f4xx_hal.o
 .debug_line    0x0000000000003bc9      0xc6a ./Drivers/STM32F4xx_HAL_Driver/Src/stm32f4xx_hal_cortex.o
 .debug_line    0x0000000000004833      0xf20 ./Drivers/STM32F4xx_HAL_Driver/Src/stm32f4xx_hal_dma.o
 .debug_line    0x0000000000005753      0xb1d ./Drivers/STM32F4xx_HAL_Driver/Src/stm32f4xx_hal_gpio.o
 .debug_line    0x0000000000006270     0x3967 ./Drivers/STM32F4xx_HAL_Driver/Src/stm32f4xx_hal_i2c.o
 .debug_line    0x0000000000009bd7      0xd43 ./Drivers/STM32F4xx_HAL_Driver/Src/stm32f4xx_hal_rcc.o
 .debug_line    0x000000000000a91a     0x13c9 ./Drivers/STM32F4xx_HAL_Driver/Src/stm32f4xx_hal_rcc_ex.o
 .debug_line    0x000000000000bce3     0x36af ./Drivers/STM32F4xx_HAL_Driver/Src/stm32f4xx_hal_tim.o
 .debug_line    0x000000000000f392     0x19b8 ./Drivers/STM32F4xx_HAL_Driver/Src/stm32f4xx_hal_tim_ex.o
 .debug_line    0x0000000000010d4a     0x2a42 ./Drivers/STM32F4xx_HAL_Driver/Src/stm32f4xx_hal_uart.o
 .debug_line    0x000000000001378c     0x1197 ./Middlewares/Third_Party/FreeRTOS/Source/CMSIS_RTOS/cmsis_os.o
 .debug_line    0x0000000000014923      0x6de ./Middlewares/Third_Party/FreeRTOS/Source/list.o
 .debug_line    0x0000000000015001     0x145f ./Middlewares/Third_Party/FreeRTOS/Source/queue.o
 .debug_line    0x0000000000016460     0x18ee ./Middlewares/Third_Party/FreeRTOS/Source/tasks.o
 .debug_line    0x0000000000017d4e      0x78b ./Middlewares/Third_Party/FreeRTOS/Source/portable/GCC/ARM_CM4F/port.o
 .debug_line    0x00000000000184d9      0x908 ./Middlewares/Third_Party/FreeRTOS/Source/portable/MemMang/heap_4.o

.debug_str      0x0000000000000000    0xdb73a
 .debug_str     0x0000000000000000    0xce6ad ./Core/Src/freertos.o
                                      0xce977 (size before relaxing)
 .debug_str     0x00000000000ce6ad     0x3242 ./Core/Src/main.o
                                      0xd1c74 (size before relaxing)
 .debug_str     0x00000000000d18ef      0x5af ./Core/Src/stm32f4xx_hal_msp.o
                                      0xcbb30 (size before relaxing)
 .debug_str     0x00000000000d1e9e       0x98 ./Core/Src/stm32f4xx_hal_timebase_tim.o
                                      0xcb5ff (size before relaxing)
 .debug_str     0x00000000000d1f36       0xdb ./Core/Src/stm32f4xx_it.o
                                      0xcb2ea (size before relaxing)
 .debug_str     0x00000000000d2011       0xaf ./Core/Src/system_stm32f4xx.o
                                      0xcab31 (size before relaxing)
 .debug_str     0x00000000000d20c0       0x36 ./Core/Startup/startup_stm32f446retx.o
                                         0x6f (size before relaxing)
 .debug_str     0x00000000000d20f6      0x542 ./Drivers/STM32F4xx_HAL_Driver/Src/stm32f4xx_hal.o
                                      0xcb654 (size before relaxing)
 .debug_str     0x00000000000d2638      0x389 ./Drivers/STM32F4xx_HAL_Driver/Src/stm32f4xx_hal_cortex.o
                                      0xcb41e (size before relaxing)
 .debug_str     0x00000000000d29c1      0x31d ./Drivers/STM32F4xx_HAL_Driver/Src/stm32f4xx_hal_dma.o
                                      0xcaf36 (size before relaxing)
 .debug_str     0x00000000000d2cde      0x15f ./Drivers/STM32F4xx_HAL_Driver/Src/stm32f4xx_hal_gpio.o
                                      0xcacd8 (size before relaxing)
 .debug_str     0x00000000000d2e3d      0xabe ./Drivers/STM32F4xx_HAL_Driver/Src/stm32f4xx_hal_i2c.o
                                      0xcba93 (size before relaxing)
 .debug_str     0x00000000000d38fb      0x244 ./Drivers/STM32F4xx_HAL_Driver/Src/stm32f4xx_hal_rcc.o
                                      0xcaf38 (size before relaxing)
 .debug_str     0x00000000000d3b3f      0x324 ./Drivers/STM32F4xx_HAL_Driver/Src/stm32f4xx_hal_rcc_ex.o
                                      0xcaf95 (size before relaxing)
 .debug_str     0x00000000000d3e63      0xdda ./Drivers/STM32F4xx_HAL_Driver/Src/stm32f4xx_hal_tim.o
                                      0xcbe3b (size before relaxing)
 .debug_str     0x00000000000d4c3d      0x4ee ./Drivers/STM32F4xx_HAL_Driver/Src/stm32f4xx_hal_tim_ex.o
                                      0xcb5ec (size before relaxing)
 .debug_str     0x00000000000d512b      0x5f5 ./Drivers/STM32F4xx_HAL_Driver/Src/stm32f4xx_hal_uart.o
                                      0xcb494 (size before relaxing)
 .debug_str     0x00000000000d5720     0x394d ./Middlewares/Third_Party/FreeRTOS/Source/CMSIS_RTOS/cmsis_os.o
                                       0xe533 (size before relaxing)
 .debug_str     0x00000000000d906d      0x219 ./Middlewares/Third_Party/FreeRTOS/Source/list.o
                                       0xab61 (size before relaxing)
 .debug_str     0x00000000000d9286      0x80e ./Middlewares/Third_Party/FreeRTOS/Source/queue.o
                                       0xc36b (size before relaxing)
 .debug_str     0x00000000000d9a94     0x115f ./Middlewares/Third_Party/FreeRTOS/Source/tasks.o
                                       0xcdcb (size before relaxing)
 .debug_str     0x00000000000dabf3      0x803 ./Middlewares/Third_Party/FreeRTOS/Source/portable/GCC/ARM_CM4F/port.o
                                       0x86a0 (size before relaxing)
 .debug_str     0x00000000000db3f6      0x344 ./Middlewares/Third_Party/FreeRTOS/Source/portable/MemMang/heap_4.o
                                       0xb454 (size before relaxing)

.comment        0x0000000000000000       0x53
 .comment       0x0000000000000000       0x53 ./Core/Src/freertos.o
                                         0x54 (size before relaxing)
 .comment       0x0000000000000053       0x54 ./Core/Src/main.o
 .comment       0x0000000000000053       0x54 ./Core/Src/stm32f4xx_hal_msp.o
 .comment       0x0000000000000053       0x54 ./Core/Src/stm32f4xx_hal_timebase_tim.o
 .comment       0x0000000000000053       0x54 ./Core/Src/stm32f4xx_it.o
 .comment       0x0000000000000053       0x54 ./Core/Src/system_stm32f4xx.o
 .comment       0x0000000000000053       0x54 ./Drivers/STM32F4xx_HAL_Driver/Src/stm32f4xx_hal.o
 .comment       0x0000000000000053       0x54 ./Drivers/STM32F4xx_HAL_Driver/Src/stm32f4xx_hal_cortex.o
 .comment       0x0000000000000053       0x54 ./Drivers/STM32F4xx_HAL_Driver/Src/stm32f4xx_hal_dma.o
 .comment       0x0000000000000053       0x54 ./Drivers/STM32F4xx_HAL_Driver/Src/stm32f4xx_hal_gpio.o
 .comment       0x0000000000000053       0x54 ./Drivers/STM32F4xx_HAL_Driver/Src/stm32f4xx_hal_i2c.o
 .comment       0x0000000000000053       0x54 ./Drivers/STM32F4xx_HAL_Driver/Src/stm32f4xx_hal_rcc.o
 .comment       0x0000000000000053       0x54 ./Drivers/STM32F4xx_HAL_Driver/Src/stm32f4xx_hal_rcc_ex.o
 .comment       0x0000000000000053       0x54 ./Drivers/STM32F4xx_HAL_Driver/Src/stm32f4xx_hal_tim.o
 .comment       0x0000000000000053       0x54 ./Drivers/STM32F4xx_HAL_Driver/Src/stm32f4xx_hal_tim_ex.o
 .comment       0x0000000000000053       0x54 ./Drivers/STM32F4xx_HAL_Driver/Src/stm32f4xx_hal_uart.o
 .comment       0x0000000000000053       0x54 ./Middlewares/Third_Party/FreeRTOS/Source/CMSIS_RTOS/cmsis_os.o
 .comment       0x0000000000000053       0x54 ./Middlewares/Third_Party/FreeRTOS/Source/list.o
 .comment       0x0000000000000053       0x54 ./Middlewares/Third_Party/FreeRTOS/Source/queue.o
 .comment       0x0000000000000053       0x54 ./Middlewares/Third_Party/FreeRTOS/Source/tasks.o